Archive member included to satisfy reference by file (symbol)

/Applications/ARM/bin/../lib/gcc/arm-none-eabi/10.3.1/../../../../arm-none-eabi/lib/thumb/v7e-m+fp/hard/libc_nano.a(lib_a-exit.o)
                              /Applications/ARM/bin/../lib/gcc/arm-none-eabi/10.3.1/../../../../arm-none-eabi/lib/thumb/v7e-m+fp/hard/crt0.o (exit)
/Applications/ARM/bin/../lib/gcc/arm-none-eabi/10.3.1/../../../../arm-none-eabi/lib/thumb/v7e-m+fp/hard/libc_nano.a(lib_a-impure.o)
                              /Applications/ARM/bin/../lib/gcc/arm-none-eabi/10.3.1/../../../../arm-none-eabi/lib/thumb/v7e-m+fp/hard/libc_nano.a(lib_a-exit.o) (_global_impure_ptr)
/Applications/ARM/bin/../lib/gcc/arm-none-eabi/10.3.1/../../../../arm-none-eabi/lib/thumb/v7e-m+fp/hard/libc_nano.a(lib_a-init.o)
                              /Applications/ARM/bin/../lib/gcc/arm-none-eabi/10.3.1/../../../../arm-none-eabi/lib/thumb/v7e-m+fp/hard/crt0.o (__libc_init_array)
/Applications/ARM/bin/../lib/gcc/arm-none-eabi/10.3.1/../../../../arm-none-eabi/lib/thumb/v7e-m+fp/hard/libc_nano.a(lib_a-memcpy-stub.o)
                              build/queue.o (memcpy)
/Applications/ARM/bin/../lib/gcc/arm-none-eabi/10.3.1/../../../../arm-none-eabi/lib/thumb/v7e-m+fp/hard/libc_nano.a(lib_a-memset.o)
                              /Applications/ARM/bin/../lib/gcc/arm-none-eabi/10.3.1/../../../../arm-none-eabi/lib/thumb/v7e-m+fp/hard/crt0.o (memset)
/Applications/ARM/bin/../lib/gcc/arm-none-eabi/10.3.1/../../../../arm-none-eabi/lib/thumb/v7e-m+fp/hard/libc_nano.a(lib_a-printf.o)
                              build/main.o (printf)
/Applications/ARM/bin/../lib/gcc/arm-none-eabi/10.3.1/../../../../arm-none-eabi/lib/thumb/v7e-m+fp/hard/libc_nano.a(lib_a-puts.o)
                              build/main.o (puts)
/Applications/ARM/bin/../lib/gcc/arm-none-eabi/10.3.1/../../../../arm-none-eabi/lib/thumb/v7e-m+fp/hard/libc_nano.a(lib_a-reent.o)
                              build/tasks.o (_reclaim_reent)
/Applications/ARM/bin/../lib/gcc/arm-none-eabi/10.3.1/../../../../arm-none-eabi/lib/thumb/v7e-m+fp/hard/libc_nano.a(lib_a-snprintf.o)
                              build/stm32g4xx_it.o (snprintf)
/Applications/ARM/bin/../lib/gcc/arm-none-eabi/10.3.1/../../../../arm-none-eabi/lib/thumb/v7e-m+fp/hard/libc_nano.a(lib_a-wbuf.o)
                              /Applications/ARM/bin/../lib/gcc/arm-none-eabi/10.3.1/../../../../arm-none-eabi/lib/thumb/v7e-m+fp/hard/libc_nano.a(lib_a-puts.o) (__swbuf_r)
/Applications/ARM/bin/../lib/gcc/arm-none-eabi/10.3.1/../../../../arm-none-eabi/lib/thumb/v7e-m+fp/hard/libc_nano.a(lib_a-wsetup.o)
                              /Applications/ARM/bin/../lib/gcc/arm-none-eabi/10.3.1/../../../../arm-none-eabi/lib/thumb/v7e-m+fp/hard/libc_nano.a(lib_a-puts.o) (__swsetup_r)
/Applications/ARM/bin/../lib/gcc/arm-none-eabi/10.3.1/../../../../arm-none-eabi/lib/thumb/v7e-m+fp/hard/libc_nano.a(lib_a-fflush.o)
                              /Applications/ARM/bin/../lib/gcc/arm-none-eabi/10.3.1/../../../../arm-none-eabi/lib/thumb/v7e-m+fp/hard/libc_nano.a(lib_a-wbuf.o) (_fflush_r)
/Applications/ARM/bin/../lib/gcc/arm-none-eabi/10.3.1/../../../../arm-none-eabi/lib/thumb/v7e-m+fp/hard/libc_nano.a(lib_a-findfp.o)
                              /Applications/ARM/bin/../lib/gcc/arm-none-eabi/10.3.1/../../../../arm-none-eabi/lib/thumb/v7e-m+fp/hard/libc_nano.a(lib_a-printf.o) (__sinit)
/Applications/ARM/bin/../lib/gcc/arm-none-eabi/10.3.1/../../../../arm-none-eabi/lib/thumb/v7e-m+fp/hard/libc_nano.a(lib_a-fwalk.o)
                              /Applications/ARM/bin/../lib/gcc/arm-none-eabi/10.3.1/../../../../arm-none-eabi/lib/thumb/v7e-m+fp/hard/libc_nano.a(lib_a-findfp.o) (_fwalk)
/Applications/ARM/bin/../lib/gcc/arm-none-eabi/10.3.1/../../../../arm-none-eabi/lib/thumb/v7e-m+fp/hard/libc_nano.a(lib_a-lock.o)
                              /Applications/ARM/bin/../lib/gcc/arm-none-eabi/10.3.1/../../../../arm-none-eabi/lib/thumb/v7e-m+fp/hard/libc_nano.a(lib_a-findfp.o) (__retarget_lock_init_recursive)
/Applications/ARM/bin/../lib/gcc/arm-none-eabi/10.3.1/../../../../arm-none-eabi/lib/thumb/v7e-m+fp/hard/libc_nano.a(lib_a-makebuf.o)
                              /Applications/ARM/bin/../lib/gcc/arm-none-eabi/10.3.1/../../../../arm-none-eabi/lib/thumb/v7e-m+fp/hard/libc_nano.a(lib_a-wsetup.o) (__smakebuf_r)
/Applications/ARM/bin/../lib/gcc/arm-none-eabi/10.3.1/../../../../arm-none-eabi/lib/thumb/v7e-m+fp/hard/libc_nano.a(lib_a-nano-freer.o)
                              /Applications/ARM/bin/../lib/gcc/arm-none-eabi/10.3.1/../../../../arm-none-eabi/lib/thumb/v7e-m+fp/hard/libc_nano.a(lib_a-reent.o) (_free_r)
/Applications/ARM/bin/../lib/gcc/arm-none-eabi/10.3.1/../../../../arm-none-eabi/lib/thumb/v7e-m+fp/hard/libc_nano.a(lib_a-nano-mallocr.o)
                              /Applications/ARM/bin/../lib/gcc/arm-none-eabi/10.3.1/../../../../arm-none-eabi/lib/thumb/v7e-m+fp/hard/libc_nano.a(lib_a-findfp.o) (_malloc_r)
[...]
Memory Configuration

Name             Origin             Length             Attributes
RAM              0x0000000020000000 0x0000000000020000 xrw
FLASH            0x0000000008000000 0x0000000000080000 xr
*default*        0x0000000000000000 0xffffffffffffffff

Linker script and memory map

LOAD /Applications/ARM/bin/../lib/gcc/arm-none-eabi/10.3.1/thumb/v7e-m+fp/hard/crti.o
LOAD /Applications/ARM/bin/../lib/gcc/arm-none-eabi/10.3.1/thumb/v7e-m+fp/hard/crtbegin.o
LOAD /Applications/ARM/bin/../lib/gcc/arm-none-eabi/10.3.1/../../../../arm-none-eabi/lib/thumb/v7e-m+fp/hard/crt0.o
LOAD build/main.o
LOAD build/app_freertos.o
LOAD build/stm32g4xx_it.o
LOAD build/stm32g4xx_hal_msp.o
LOAD build/stm32g4xx_hal_timebase_tim.o
LOAD build/stm32g4xx_hal_adc.o
LOAD build/stm32g4xx_hal_adc_ex.o
LOAD build/stm32g4xx_ll_adc.o
LOAD build/stm32g4xx_hal.o
LOAD build/stm32g4xx_hal_rcc.o
LOAD build/stm32g4xx_hal_rcc_ex.o
LOAD build/stm32g4xx_hal_flash.o
LOAD build/stm32g4xx_hal_flash_ex.o
LOAD build/stm32g4xx_hal_flash_ramfunc.o
LOAD build/stm32g4xx_hal_gpio.o
LOAD build/stm32g4xx_hal_exti.o
LOAD build/stm32g4xx_hal_dma.o
LOAD build/stm32g4xx_hal_dma_ex.o
LOAD build/stm32g4xx_hal_pwr.o
LOAD build/stm32g4xx_hal_pwr_ex.o
LOAD build/stm32g4xx_hal_cortex.o
LOAD build/stm32g4xx_hal_tim.o
LOAD build/stm32g4xx_hal_tim_ex.o
LOAD build/stm32g4xx_hal_uart.o
LOAD build/stm32g4xx_hal_uart_ex.o
LOAD build/system_stm32g4xx.o
LOAD build/croutine.o
LOAD build/event_groups.o
LOAD build/list.o
LOAD build/queue.o
LOAD build/stream_buffer.o
LOAD build/tasks.o
LOAD build/timers.o
LOAD build/cmsis_os2.o
LOAD build/heap_4.o
LOAD build/port.o
LOAD build/startup_stm32g474xx.o
LOAD /Applications/ARM/bin/../lib/gcc/arm-none-eabi/10.3.1/../../../../arm-none-eabi/lib/thumb/v7e-m+fp/hard/libc_nano.a
LOAD /Applications/ARM/bin/../lib/gcc/arm-none-eabi/10.3.1/../../../../arm-none-eabi/lib/thumb/v7e-m+fp/hard/libm.a
LOAD /Applications/ARM/bin/../lib/gcc/arm-none-eabi/10.3.1/../../../../arm-none-eabi/lib/thumb/v7e-m+fp/hard/libnosys.a
START GROUP
LOAD /Applications/ARM/bin/../lib/gcc/arm-none-eabi/10.3.1/thumb/v7e-m+fp/hard/libgcc.a
LOAD /Applications/ARM/bin/../lib/gcc/arm-none-eabi/10.3.1/../../../../arm-none-eabi/lib/thumb/v7e-m+fp/hard/libc_nano.a
END GROUP
START GROUP
LOAD /Applications/ARM/bin/../lib/gcc/arm-none-eabi/10.3.1/thumb/v7e-m+fp/hard/libgcc.a
LOAD /Applications/ARM/bin/../lib/gcc/arm-none-eabi/10.3.1/../../../../arm-none-eabi/lib/thumb/v7e-m+fp/hard/libc_nano.a
END GROUP
LOAD /Applications/ARM/bin/../lib/gcc/arm-none-eabi/10.3.1/thumb/v7e-m+fp/hard/crtend.o
LOAD /Applications/ARM/bin/../lib/gcc/arm-none-eabi/10.3.1/thumb/v7e-m+fp/hard/crtn.o
                0x0000000020020000                _estack = 0x20020000
                0x0000000000000200                _Min_Heap_Size = 0x200
                0x0000000000000400                _Min_Stack_Size = 0x400

.isr_vector     0x0000000008000000      0x1d8
                0x0000000008000000                . = ALIGN (0x4)
 *(.isr_vector)
 .isr_vector    0x0000000008000000      0x1d8 build/startup_stm32g474xx.o
                0x0000000008000000                g_pfnVectors
                0x00000000080001d8                . = ALIGN (0x4)

.text           0x00000000080001e0     0x7928
                0x00000000080001e0                . = ALIGN (0x4)
 *(.text)
 .text          0x00000000080001e0       0x40 /Applications/ARM/bin/../lib/gcc/arm-none-eabi/10.3.1/thumb/v7e-m+fp/hard/crtbegin.o
 .text          0x0000000008000220       0xa0 /Applications/ARM/bin/../lib/gcc/arm-none-eabi/10.3.1/../../../../arm-none-eabi/lib/thumb/v7e-m+fp/hard/libc_nano.a(lib_a-memchr.o)
                0x0000000008000220                memchr
 .text          0x00000000080002c0       0x30 /Applications/ARM/bin/../lib/gcc/arm-none-eabi/10.3.1/thumb/v7e-m+fp/hard/libgcc.a(_aeabi_uldivmod.o)
                0x00000000080002c0                __aeabi_uldivmod
 .text          0x00000000080002f0      0x2d0 /Applications/ARM/bin/../lib/gcc/arm-none-eabi/10.3.1/thumb/v7e-m+fp/hard/libgcc.a(_udivmoddi4.o)
                0x00000000080002f0                __udivmoddi4
 .text          0x00000000080005c0        0x4 /Applications/ARM/bin/../lib/gcc/arm-none-eabi/10.3.1/thumb/v7e-m+fp/hard/libgcc.a(_dvmd_tls.o)
                0x00000000080005c0                __aeabi_ldiv0
                0x00000000080005c0                __aeabi_idiv0
 *(.text*)
 .text.MX_GPIO_Init
                0x00000000080005c4       0x30 build/main.o
 .text.MX_DMA_Init
                0x00000000080005f4       0x54 build/main.o
 .text.MX_NVIC_Init
                0x0000000008000648       0x14 build/main.o
 .text.StartDefaultTask
                0x000000000800065c        0xa build/main.o
                0x000000000800065c                StartDefaultTask
 *fill*         0x0000000008000666        0x2 
 .text.StartRecvTask
                0x0000000008000668       0x70 build/main.o
                0x0000000008000668                StartRecvTask
 .text.HAL_ADC_ConvHalfCpltCallback
                0x00000000080006d8       0x14 build/main.o
                0x00000000080006d8                HAL_ADC_ConvHalfCpltCallback
 .text.HAL_ADC_ConvCpltCallback
                0x00000000080006ec       0x20 build/main.o
                0x00000000080006ec                HAL_ADC_ConvCpltCallback
 .text.HAL_TIM_PeriodElapsedCallback
                0x000000000800070c       0x18 build/main.o
                0x000000000800070c                HAL_TIM_PeriodElapsedCallback
 .text.Error_Handler
                0x0000000008000724        0x4 build/main.o
                0x0000000008000724                Error_Handler
 .text.MX_TIM1_Init
                0x0000000008000728       0xe8 build/main.o
 .text.MX_TIM2_Init
                0x0000000008000810       0x8c build/main.o
 .text.MX_USART1_UART_Init
                0x000000000800089c       0x60 build/main.o
 .text.MX_ADC1_Init
                0x00000000080008fc       0x98 build/main.o
 .text.SystemClock_Config
                0x0000000008000994       0x74 build/main.o
                0x0000000008000994                SystemClock_Config
 .text.main     0x0000000008000a08       0xd8 build/main.o
                0x0000000008000a08                main
 .text.NMI_Handler
                0x0000000008000ae0        0x2 build/stm32g4xx_it.o
                0x0000000008000ae0                NMI_Handler
 *fill*         0x0000000008000ae2        0x2 
 .text.HardFault_Handler
                0x0000000008000ae4       0x10 build/stm32g4xx_it.o
                0x0000000008000ae4                HardFault_Handler
 .text.MemManage_Handler
                0x0000000008000af4        0x2 build/stm32g4xx_it.o
                0x0000000008000af4                MemManage_Handler
 .text.BusFault_Handler
                0x0000000008000af6        0x2 build/stm32g4xx_it.o
                0x0000000008000af6                BusFault_Handler
 .text.UsageFault_Handler
                0x0000000008000af8        0x2 build/stm32g4xx_it.o
                0x0000000008000af8                UsageFault_Handler
 .text.DebugMon_Handler
                0x0000000008000afa        0x2 build/stm32g4xx_it.o
                0x0000000008000afa                DebugMon_Handler
 .text.DMA1_Channel2_IRQHandler
                0x0000000008000afc       0x10 build/stm32g4xx_it.o
                0x0000000008000afc                DMA1_Channel2_IRQHandler
 .text.DMA1_Channel3_IRQHandler
                0x0000000008000b0c       0x10 build/stm32g4xx_it.o
                0x0000000008000b0c                DMA1_Channel3_IRQHandler
 .text.TIM5_IRQHandler
                0x0000000008000b1c       0x10 build/stm32g4xx_it.o
                0x0000000008000b1c                TIM5_IRQHandler
 .text.USAR_UART_IDLECallback
                0x0000000008000b2c       0x74 build/stm32g4xx_it.o
                0x0000000008000b2c                USAR_UART_IDLECallback
 .text.USER_UART_IRQHandler
                0x0000000008000ba0       0x38 build/stm32g4xx_it.o
                0x0000000008000ba0                USER_UART_IRQHandler
 .text.USART1_IRQHandler
                0x0000000008000bd8       0x18 build/stm32g4xx_it.o
                0x0000000008000bd8                USART1_IRQHandler
 .text.HAL_MspInit
                0x0000000008000bf0       0x44 build/stm32g4xx_hal_msp.o
                0x0000000008000bf0                HAL_MspInit
 .text.HAL_ADC_MspInit
                0x0000000008000c34       0xc4 build/stm32g4xx_hal_msp.o
                0x0000000008000c34                HAL_ADC_MspInit
 .text.HAL_TIM_PWM_MspInit
                0x0000000008000cf8       0x4c build/stm32g4xx_hal_msp.o
                0x0000000008000cf8                HAL_TIM_PWM_MspInit
 .text.HAL_TIM_MspPostInit
                0x0000000008000d44       0x88 build/stm32g4xx_hal_msp.o
                0x0000000008000d44                HAL_TIM_MspPostInit
 .text.HAL_UART_MspInit
                0x0000000008000dcc       0xe0 build/stm32g4xx_hal_msp.o
                0x0000000008000dcc                HAL_UART_MspInit
 .text.HAL_InitTick
                0x0000000008000eac       0x94 build/stm32g4xx_hal_timebase_tim.o
                0x0000000008000eac                HAL_InitTick
 .text.HAL_ADC_Init
                0x0000000008000f40      0x2a8 build/stm32g4xx_hal_adc.o
                0x0000000008000f40                HAL_ADC_Init
 .text.ADC_DMAHalfConvCplt
                0x00000000080011e8        0xa build/stm32g4xx_hal_adc.o
                0x00000000080011e8                ADC_DMAHalfConvCplt
 .text.HAL_ADC_ErrorCallback
                0x00000000080011f2        0x2 build/stm32g4xx_hal_adc.o
                0x00000000080011f2                HAL_ADC_ErrorCallback
 .text.ADC_DMAConvCplt
                0x00000000080011f4       0x88 build/stm32g4xx_hal_adc.o
                0x00000000080011f4                ADC_DMAConvCplt
 .text.ADC_DMAError
                0x000000000800127c       0x1a build/stm32g4xx_hal_adc.o
                0x000000000800127c                ADC_DMAError
 *fill*         0x0000000008001296        0x2 
 .text.HAL_ADC_ConfigChannel
                0x0000000008001298      0x538 build/stm32g4xx_hal_adc.o
                0x0000000008001298                HAL_ADC_ConfigChannel
 .text.ADC_Enable
                0x00000000080017d0       0x98 build/stm32g4xx_hal_adc.o
                0x00000000080017d0                ADC_Enable
 .text.HAL_ADC_Start_DMA
                0x0000000008001868      0x138 build/stm32g4xx_hal_adc.o
                0x0000000008001868                HAL_ADC_Start_DMA
 .text.HAL_ADCEx_MultiModeConfigChannel
                0x00000000080019a0      0x1d4 build/stm32g4xx_hal_adc_ex.o
                0x00000000080019a0                HAL_ADCEx_MultiModeConfigChannel
 .text.HAL_Init
                0x0000000008001b74       0x1e build/stm32g4xx_hal.o
                0x0000000008001b74                HAL_Init
 *fill*         0x0000000008001b92        0x2 
 .text.HAL_IncTick
                0x0000000008001b94       0x18 build/stm32g4xx_hal.o
                0x0000000008001b94                HAL_IncTick
 .text.HAL_GetTick
                0x0000000008001bac        0xc build/stm32g4xx_hal.o
                0x0000000008001bac                HAL_GetTick
 .text.RCC_GetSysClockFreqFromPLLSource
                0x0000000008001bb8       0x58 build/stm32g4xx_hal_rcc.o
 .text.HAL_RCC_OscConfig
                0x0000000008001c10      0x4e8 build/stm32g4xx_hal_rcc.o
                0x0000000008001c10                HAL_RCC_OscConfig
 .text.HAL_RCC_GetSysClockFreq
                0x00000000080020f8       0x88 build/stm32g4xx_hal_rcc.o
                0x00000000080020f8                HAL_RCC_GetSysClockFreq
 .text.HAL_RCC_ClockConfig
                0x0000000008002180      0x1f8 build/stm32g4xx_hal_rcc.o
                0x0000000008002180                HAL_RCC_ClockConfig
 .text.HAL_RCC_GetHCLKFreq
                0x0000000008002378        0xc build/stm32g4xx_hal_rcc.o
                0x0000000008002378                HAL_RCC_GetHCLKFreq
 .text.HAL_RCC_GetPCLK1Freq
                0x0000000008002384       0x24 build/stm32g4xx_hal_rcc.o
                0x0000000008002384                HAL_RCC_GetPCLK1Freq
 .text.HAL_RCC_GetPCLK2Freq
                0x00000000080023a8       0x24 build/stm32g4xx_hal_rcc.o
                0x00000000080023a8                HAL_RCC_GetPCLK2Freq
 .text.HAL_RCC_GetClockConfig
                0x00000000080023cc       0x3c build/stm32g4xx_hal_rcc.o
                0x00000000080023cc                HAL_RCC_GetClockConfig
 .text.HAL_RCCEx_PeriphCLKConfig
                0x0000000008002408      0x378 build/stm32g4xx_hal_rcc_ex.o
                0x0000000008002408                HAL_RCCEx_PeriphCLKConfig
 .text.HAL_GPIO_Init
                0x0000000008002780      0x1d4 build/stm32g4xx_hal_gpio.o
                0x0000000008002780                HAL_GPIO_Init
 .text.DMA_SetConfig
                0x0000000008002954       0x42 build/stm32g4xx_hal_dma.o
 *fill*         0x0000000008002996        0x2 
 .text.DMA_CalcDMAMUXChannelBaseAndMask
                0x0000000008002998       0x48 build/stm32g4xx_hal_dma.o
 .text.DMA_CalcDMAMUXRequestGenBaseAndMask
                0x00000000080029e0       0x28 build/stm32g4xx_hal_dma.o
 .text.HAL_DMA_Init
                0x0000000008002a08       0xd8 build/stm32g4xx_hal_dma.o
                0x0000000008002a08                HAL_DMA_Init
 .text.HAL_DMA_Start_IT
                0x0000000008002ae0       0x94 build/stm32g4xx_hal_dma.o
                0x0000000008002ae0                HAL_DMA_Start_IT
 .text.HAL_DMA_Abort
                0x0000000008002b74       0x6c build/stm32g4xx_hal_dma.o
                0x0000000008002b74                HAL_DMA_Abort
 .text.HAL_DMA_Abort_IT
                0x0000000008002be0       0x7e build/stm32g4xx_hal_dma.o
                0x0000000008002be0                HAL_DMA_Abort_IT
 .text.HAL_DMA_IRQHandler
                0x0000000008002c5e       0xc4 build/stm32g4xx_hal_dma.o
                0x0000000008002c5e                HAL_DMA_IRQHandler
 .text.HAL_DMA_GetError
                0x0000000008002d22        0x4 build/stm32g4xx_hal_dma.o
                0x0000000008002d22                HAL_DMA_GetError
 *fill*         0x0000000008002d26        0x2 
 .text.HAL_PWREx_ControlVoltageScaling
                0x0000000008002d28      0x10c build/stm32g4xx_hal_pwr_ex.o
                0x0000000008002d28                HAL_PWREx_ControlVoltageScaling
 .text.HAL_PWREx_DisableUCPDDeadBattery
                0x0000000008002e34       0x10 build/stm32g4xx_hal_pwr_ex.o
                0x0000000008002e34                HAL_PWREx_DisableUCPDDeadBattery
 .text.HAL_NVIC_SetPriorityGrouping
                0x0000000008002e44       0x24 build/stm32g4xx_hal_cortex.o
                0x0000000008002e44                HAL_NVIC_SetPriorityGrouping
 .text.HAL_NVIC_SetPriority
                0x0000000008002e68       0x70 build/stm32g4xx_hal_cortex.o
                0x0000000008002e68                HAL_NVIC_SetPriority
 .text.HAL_NVIC_EnableIRQ
                0x0000000008002ed8       0x1c build/stm32g4xx_hal_cortex.o
                0x0000000008002ed8                HAL_NVIC_EnableIRQ
 .text.TIM_OC1_SetConfig
                0x0000000008002ef4       0xb0 build/stm32g4xx_hal_tim.o
 .text.TIM_OC3_SetConfig
                0x0000000008002fa4       0x9c build/stm32g4xx_hal_tim.o
 .text.TIM_OC4_SetConfig
                0x0000000008003040       0x9c build/stm32g4xx_hal_tim.o
 .text.TIM_OC5_SetConfig
                0x00000000080030dc       0x70 build/stm32g4xx_hal_tim.o
 .text.TIM_OC6_SetConfig
                0x000000000800314c       0x74 build/stm32g4xx_hal_tim.o
 .text.HAL_TIM_Base_MspInit
                0x00000000080031c0        0x2 build/stm32g4xx_hal_tim.o
                0x00000000080031c0                HAL_TIM_Base_MspInit
 *fill*         0x00000000080031c2        0x2 
 .text.HAL_TIM_Base_Start_IT
                0x00000000080031c4       0x94 build/stm32g4xx_hal_tim.o
                0x00000000080031c4                HAL_TIM_Base_Start_IT
 .text.HAL_TIM_OC_DelayElapsedCallback
                0x0000000008003258        0x2 build/stm32g4xx_hal_tim.o
                0x0000000008003258                HAL_TIM_OC_DelayElapsedCallback
 .text.HAL_TIM_IC_CaptureCallback
                0x000000000800325a        0x2 build/stm32g4xx_hal_tim.o
                0x000000000800325a                HAL_TIM_IC_CaptureCallback
 .text.HAL_TIM_PWM_PulseFinishedCallback
                0x000000000800325c        0x2 build/stm32g4xx_hal_tim.o
                0x000000000800325c                HAL_TIM_PWM_PulseFinishedCallback
 .text.HAL_TIM_TriggerCallback
                0x000000000800325e        0x2 build/stm32g4xx_hal_tim.o
                0x000000000800325e                HAL_TIM_TriggerCallback
 .text.HAL_TIM_IRQHandler
                0x0000000008003260      0x21e build/stm32g4xx_hal_tim.o
                0x0000000008003260                HAL_TIM_IRQHandler
 *fill*         0x000000000800347e        0x2 
 .text.TIM_Base_SetConfig
                0x0000000008003480       0xe0 build/stm32g4xx_hal_tim.o
                0x0000000008003480                TIM_Base_SetConfig
 .text.HAL_TIM_Base_Init
                0x0000000008003560       0x60 build/stm32g4xx_hal_tim.o
                0x0000000008003560                HAL_TIM_Base_Init
 .text.HAL_TIM_PWM_Init
                0x00000000080035c0       0x60 build/stm32g4xx_hal_tim.o
                0x00000000080035c0                HAL_TIM_PWM_Init
 .text.TIM_OC2_SetConfig
                0x0000000008003620       0x9c build/stm32g4xx_hal_tim.o
                0x0000000008003620                TIM_OC2_SetConfig
 .text.HAL_TIM_PWM_ConfigChannel
                0x00000000080036bc      0x13a build/stm32g4xx_hal_tim.o
                0x00000000080036bc                HAL_TIM_PWM_ConfigChannel
 *fill*         0x00000000080037f6        0x2 
 .text.HAL_TIMEx_MasterConfigSynchronization
                0x00000000080037f8       0xac build/stm32g4xx_hal_tim_ex.o
                0x00000000080037f8                HAL_TIMEx_MasterConfigSynchronization
 .text.HAL_TIMEx_ConfigBreakDeadTime
                0x00000000080038a4       0xd4 build/stm32g4xx_hal_tim_ex.o
                0x00000000080038a4                HAL_TIMEx_ConfigBreakDeadTime
 .text.HAL_TIMEx_CommutCallback
                0x0000000008003978        0x2 build/stm32g4xx_hal_tim_ex.o
                0x0000000008003978                HAL_TIMEx_CommutCallback
 .text.HAL_TIMEx_BreakCallback
                0x000000000800397a        0x2 build/stm32g4xx_hal_tim_ex.o
                0x000000000800397a                HAL_TIMEx_BreakCallback
 .text.HAL_TIMEx_Break2Callback
                0x000000000800397c        0x2 build/stm32g4xx_hal_tim_ex.o
                0x000000000800397c                HAL_TIMEx_Break2Callback
 .text.HAL_TIMEx_EncoderIndexCallback
                0x000000000800397e        0x2 build/stm32g4xx_hal_tim_ex.o
                0x000000000800397e                HAL_TIMEx_EncoderIndexCallback
 .text.HAL_TIMEx_DirectionChangeCallback
                0x0000000008003980        0x2 build/stm32g4xx_hal_tim_ex.o
                0x0000000008003980                HAL_TIMEx_DirectionChangeCallback
 .text.HAL_TIMEx_IndexErrorCallback
                0x0000000008003982        0x2 build/stm32g4xx_hal_tim_ex.o
                0x0000000008003982                HAL_TIMEx_IndexErrorCallback
 .text.HAL_TIMEx_TransitionErrorCallback
                0x0000000008003984        0x2 build/stm32g4xx_hal_tim_ex.o
                0x0000000008003984                HAL_TIMEx_TransitionErrorCallback
 .text.UART_EndTxTransfer
                0x0000000008003986       0x32 build/stm32g4xx_hal_uart.o
 .text.UART_EndRxTransfer
                0x00000000080039b8       0x56 build/stm32g4xx_hal_uart.o
 .text.HAL_UART_DMAStop
                0x0000000008003a0e       0xae build/stm32g4xx_hal_uart.o
                0x0000000008003a0e                HAL_UART_DMAStop
 .text.HAL_UART_TxCpltCallback
                0x0000000008003abc        0x2 build/stm32g4xx_hal_uart.o
                0x0000000008003abc                HAL_UART_TxCpltCallback
 .text.UART_EndTransmit_IT
                0x0000000008003abe       0x24 build/stm32g4xx_hal_uart.o
 .text.HAL_UART_RxCpltCallback
                0x0000000008003ae2        0x2 build/stm32g4xx_hal_uart.o
                0x0000000008003ae2                HAL_UART_RxCpltCallback
 .text.HAL_UART_RxHalfCpltCallback
                0x0000000008003ae4        0x2 build/stm32g4xx_hal_uart.o
                0x0000000008003ae4                HAL_UART_RxHalfCpltCallback
 .text.HAL_UART_ErrorCallback
                0x0000000008003ae6        0x2 build/stm32g4xx_hal_uart.o
                0x0000000008003ae6                HAL_UART_ErrorCallback
 .text.UART_DMAError
                0x0000000008003ae8       0x58 build/stm32g4xx_hal_uart.o
 .text.UART_DMAAbortOnError
                0x0000000008003b40       0x14 build/stm32g4xx_hal_uart.o
 .text.HAL_UARTEx_RxEventCallback
                0x0000000008003b54        0x2 build/stm32g4xx_hal_uart.o
                0x0000000008003b54                HAL_UARTEx_RxEventCallback
 *fill*         0x0000000008003b56        0x2 
 .text.HAL_UART_IRQHandler
                0x0000000008003b58      0x334 build/stm32g4xx_hal_uart.o
                0x0000000008003b58                HAL_UART_IRQHandler
 .text.UART_DMARxHalfCplt
                0x0000000008003e8c       0x1c build/stm32g4xx_hal_uart.o
 .text.UART_DMAReceiveCplt
                0x0000000008003ea8       0x8e build/stm32g4xx_hal_uart.o
 *fill*         0x0000000008003f36        0x2 
 .text.UART_SetConfig
                0x0000000008003f38      0x388 build/stm32g4xx_hal_uart.o
                0x0000000008003f38                UART_SetConfig
 .text.UART_AdvFeatureConfig
                0x00000000080042c0       0xca build/stm32g4xx_hal_uart.o
                0x00000000080042c0                UART_AdvFeatureConfig
 .text.UART_WaitOnFlagUntilTimeout
                0x000000000800438a       0xdc build/stm32g4xx_hal_uart.o
                0x000000000800438a                UART_WaitOnFlagUntilTimeout
 .text.UART_CheckIdleState
                0x0000000008004466       0x74 build/stm32g4xx_hal_uart.o
                0x0000000008004466                UART_CheckIdleState
 .text.HAL_UART_Init
                0x00000000080044da       0x66 build/stm32g4xx_hal_uart.o
                0x00000000080044da                HAL_UART_Init
 .text.UART_Start_Receive_DMA
                0x0000000008004540       0xb4 build/stm32g4xx_hal_uart.o
                0x0000000008004540                UART_Start_Receive_DMA
 .text.HAL_UART_Receive_DMA
                0x00000000080045f4       0x5c build/stm32g4xx_hal_uart.o
                0x00000000080045f4                HAL_UART_Receive_DMA
 .text.UARTEx_SetNbDataToProcess
                0x0000000008004650       0x4c build/stm32g4xx_hal_uart_ex.o
 .text.HAL_UARTEx_WakeupCallback
                0x000000000800469c        0x2 build/stm32g4xx_hal_uart_ex.o
                0x000000000800469c                HAL_UARTEx_WakeupCallback
 .text.HAL_UARTEx_RxFifoFullCallback
                0x000000000800469e        0x2 build/stm32g4xx_hal_uart_ex.o
                0x000000000800469e                HAL_UARTEx_RxFifoFullCallback
 .text.HAL_UARTEx_TxFifoEmptyCallback
                0x00000000080046a0        0x2 build/stm32g4xx_hal_uart_ex.o
                0x00000000080046a0                HAL_UARTEx_TxFifoEmptyCallback
 .text.HAL_UARTEx_DisableFifoMode
                0x00000000080046a2       0x3e build/stm32g4xx_hal_uart_ex.o
                0x00000000080046a2                HAL_UARTEx_DisableFifoMode
 .text.HAL_UARTEx_SetTxFifoThreshold
                0x00000000080046e0       0x4a build/stm32g4xx_hal_uart_ex.o
                0x00000000080046e0                HAL_UARTEx_SetTxFifoThreshold
 .text.HAL_UARTEx_SetRxFifoThreshold
                0x000000000800472a       0x4a build/stm32g4xx_hal_uart_ex.o
                0x000000000800472a                HAL_UARTEx_SetRxFifoThreshold
 .text.SystemInit
                0x0000000008004774       0x1c build/system_stm32g4xx.o
                0x0000000008004774                SystemInit
 .text.vListInitialise
                0x0000000008004790       0x16 build/list.o
                0x0000000008004790                vListInitialise
 .text.vListInitialiseItem
                0x00000000080047a6        0x6 build/list.o
                0x00000000080047a6                vListInitialiseItem
 .text.vListInsertEnd
                0x00000000080047ac       0x16 build/list.o
                0x00000000080047ac                vListInsertEnd
 .text.vListInsert
                0x00000000080047c2       0x32 build/list.o
                0x00000000080047c2                vListInsert
 .text.uxListRemove
                0x00000000080047f4       0x26 build/list.o
                0x00000000080047f4                uxListRemove
 .text.prvIsQueueFull
                0x000000000800481a       0x1e build/queue.o
 .text.prvIsQueueEmpty
                0x0000000008004838       0x1a build/queue.o
 .text.prvCopyDataToQueue
                0x0000000008004852       0x76 build/queue.o
 .text.prvCopyDataFromQueue
                0x00000000080048c8       0x24 build/queue.o
 .text.prvUnlockQueue
                0x00000000080048ec       0x6e build/queue.o
 .text.xQueueGenericReset
                0x000000000800495a       0x84 build/queue.o
                0x000000000800495a                xQueueGenericReset
 .text.prvInitialiseNewQueue
                0x00000000080049de       0x22 build/queue.o
 .text.xQueueGenericCreateStatic
                0x0000000008004a00       0x94 build/queue.o
                0x0000000008004a00                xQueueGenericCreateStatic
 .text.xQueueGenericCreate
                0x0000000008004a94       0x48 build/queue.o
                0x0000000008004a94                xQueueGenericCreate
 .text.xQueueGenericSend
                0x0000000008004adc      0x188 build/queue.o
                0x0000000008004adc                xQueueGenericSend
 .text.xQueueGenericSendFromISR
                0x0000000008004c64       0xce build/queue.o
                0x0000000008004c64                xQueueGenericSendFromISR
 .text.xQueueReceive
                0x0000000008004d32      0x15e build/queue.o
                0x0000000008004d32                xQueueReceive
 .text.vQueueAddToRegistry
                0x0000000008004e90       0x28 build/queue.o
                0x0000000008004e90                vQueueAddToRegistry
 .text.vQueueWaitForMessageRestricted
                0x0000000008004eb8       0x52 build/queue.o
                0x0000000008004eb8                vQueueWaitForMessageRestricted
 *fill*         0x0000000008004f0a        0x2 
 .text.prvResetNextTaskUnblockTime
                0x0000000008004f0c       0x2c build/tasks.o
 .text.prvInitialiseNewTask
                0x0000000008004f38      0x106 build/tasks.o
 *fill*         0x000000000800503e        0x2 
 .text.prvInitialiseTaskLists
                0x0000000008005040       0x68 build/tasks.o
 .text.prvAddNewTaskToReadyList
                0x00000000080050a8       0xac build/tasks.o
 .text.prvDeleteTCB
                0x0000000008005154       0x40 build/tasks.o
 .text.prvCheckTasksWaitingTermination
                0x0000000008005194       0x4c build/tasks.o
 .text.prvIdleTask
                0x00000000080051e0       0x28 build/tasks.o
 .text.prvAddCurrentTaskToDelayedList
                0x0000000008005208       0x7c build/tasks.o
 .text.xTaskCreateStatic
                0x0000000008005284       0x7a build/tasks.o
                0x0000000008005284                xTaskCreateStatic
 .text.xTaskCreate
                0x00000000080052fe       0x6a build/tasks.o
                0x00000000080052fe                xTaskCreate
 .text.vTaskStartScheduler
                0x0000000008005368       0xac build/tasks.o
                0x0000000008005368                vTaskStartScheduler
 .text.vTaskSuspendAll
                0x0000000008005414       0x10 build/tasks.o
                0x0000000008005414                vTaskSuspendAll
 .text.xTaskGetTickCount
                0x0000000008005424        0xc build/tasks.o
                0x0000000008005424                xTaskGetTickCount
 .text.xTaskIncrementTick
                0x0000000008005430      0x118 build/tasks.o
                0x0000000008005430                xTaskIncrementTick
 .text.xTaskResumeAll
                0x0000000008005548       0xf8 build/tasks.o
                0x0000000008005548                xTaskResumeAll
 .text.vTaskDelay
                0x0000000008005640       0x4c build/tasks.o
                0x0000000008005640                vTaskDelay
 .text.vTaskSwitchContext
                0x000000000800568c       0xa0 build/tasks.o
                0x000000000800568c                vTaskSwitchContext
 .text.vTaskPlaceOnEventList
                0x000000000800572c       0x30 build/tasks.o
                0x000000000800572c                vTaskPlaceOnEventList
 .text.vTaskPlaceOnEventListRestricted
                0x000000000800575c       0x38 build/tasks.o
                0x000000000800575c                vTaskPlaceOnEventListRestricted
 .text.xTaskRemoveFromEventList
                0x0000000008005794       0x8c build/tasks.o
                0x0000000008005794                xTaskRemoveFromEventList
 .text.vTaskInternalSetTimeOutState
                0x0000000008005820       0x18 build/tasks.o
                0x0000000008005820                vTaskInternalSetTimeOutState
 .text.xTaskCheckForTimeOut
                0x0000000008005838       0x84 build/tasks.o
                0x0000000008005838                xTaskCheckForTimeOut
 .text.vTaskMissedYield
                0x00000000080058bc        0xc build/tasks.o
                0x00000000080058bc                vTaskMissedYield
 .text.xTaskGetSchedulerState
                0x00000000080058c8       0x20 build/tasks.o
                0x00000000080058c8                xTaskGetSchedulerState
 .text.xTaskPriorityDisinherit
                0x00000000080058e8       0x90 build/tasks.o
                0x00000000080058e8                xTaskPriorityDisinherit
 .text.prvGetNextExpireTime
                0x0000000008005978       0x20 build/timers.o
 .text.prvInsertTimerInActiveList
                0x0000000008005998       0x48 build/timers.o
 .text.prvCheckForValidListAndQueue
                0x00000000080059e0       0x70 build/timers.o
 .text.xTimerCreateTimerTask
                0x0000000008005a50       0x64 build/timers.o
                0x0000000008005a50                xTimerCreateTimerTask
 .text.xTimerGenericCommand
                0x0000000008005ab4       0x6c build/timers.o
                0x0000000008005ab4                xTimerGenericCommand
 .text.prvSwitchTimerLists
                0x0000000008005b20       0x7c build/timers.o
 .text.prvSampleTimeNow
                0x0000000008005b9c       0x2c build/timers.o
 .text.prvProcessExpiredTimer
                0x0000000008005bc8       0x6c build/timers.o
 .text.prvProcessTimerOrBlockTask
                0x0000000008005c34       0x74 build/timers.o
 .text.prvProcessReceivedCommands
                0x0000000008005ca8      0x10c build/timers.o
 .text.prvTimerTask
                0x0000000008005db4       0x16 build/timers.o
 .text.SysTick_Handler
                0x0000000008005dca       0x18 build/cmsis_os2.o
                0x0000000008005dca                SysTick_Handler
 *fill*         0x0000000008005de2        0x2 
 .text.osKernelInitialize
                0x0000000008005de4       0x24 build/cmsis_os2.o
                0x0000000008005de4                osKernelInitialize
 .text.osKernelStart
                0x0000000008005e08       0x38 build/cmsis_os2.o
                0x0000000008005e08                osKernelStart
 .text.osThreadNew
                0x0000000008005e40       0xbe build/cmsis_os2.o
                0x0000000008005e40                osThreadNew
 .text.osDelay  0x0000000008005efe       0x1c build/cmsis_os2.o
                0x0000000008005efe                osDelay
 *fill*         0x0000000008005f1a        0x2 
 .text.vApplicationGetIdleTaskMemory
                0x0000000008005f1c       0x18 build/cmsis_os2.o
                0x0000000008005f1c                vApplicationGetIdleTaskMemory
 .text.vApplicationGetTimerTaskMemory
                0x0000000008005f34       0x18 build/cmsis_os2.o
                0x0000000008005f34                vApplicationGetTimerTaskMemory
 .text.prvHeapInit
                0x0000000008005f4c       0x68 build/heap_4.o
 .text.prvInsertBlockIntoFreeList
                0x0000000008005fb4       0x64 build/heap_4.o
 .text.pvPortMalloc
                0x0000000008006018       0xfc build/heap_4.o
                0x0000000008006018                pvPortMalloc
 .text.vPortFree
                0x0000000008006114       0x7c build/heap_4.o
                0x0000000008006114                vPortFree
 .text.prvTaskExitError
                0x0000000008006190       0x40 build/port.o
 .text.prvPortStartFirstTask
                0x00000000080061d0       0x28 build/port.o
 .text.vPortEnableVFP
                0x00000000080061f8       0x14 build/port.o
 .text.pxPortInitialiseStack
                0x000000000800620c       0x2c build/port.o
                0x000000000800620c                pxPortInitialiseStack
 *fill*         0x0000000008006238        0x8 
 .text.SVC_Handler
                0x0000000008006240       0x24 build/port.o
                0x0000000008006240                SVC_Handler
 .text.vPortEnterCritical
                0x0000000008006264       0x44 build/port.o
                0x0000000008006264                vPortEnterCritical
 .text.vPortExitCritical
                0x00000000080062a8       0x2c build/port.o
                0x00000000080062a8                vPortExitCritical
 *fill*         0x00000000080062d4        0xc 
 .text.PendSV_Handler
                0x00000000080062e0       0x64 build/port.o
                0x00000000080062e0                PendSV_Handler
 .text.xPortSysTickHandler
                0x0000000008006344       0x2c build/port.o
                0x0000000008006344                xPortSysTickHandler
 .text.vPortSetupTimerInterrupt
                0x0000000008006370       0x28 build/port.o
                0x0000000008006370                vPortSetupTimerInterrupt
 .text.xPortStartScheduler
                0x0000000008006398      0x118 build/port.o
                0x0000000008006398                xPortStartScheduler
 .text.vPortValidateInterruptPriority
                0x00000000080064b0       0x5c build/port.o
                0x00000000080064b0                vPortValidateInterruptPriority
 .text.Reset_Handler
                0x000000000800650c       0x50 build/startup_stm32g474xx.o
                0x000000000800650c                Reset_Handler
 .text.Default_Handler
                0x000000000800655c        0x2 build/startup_stm32g474xx.o
                0x000000000800655c                TIM1_BRK_TIM15_IRQHandler
                0x000000000800655c                EXTI2_IRQHandler
                0x000000000800655c                TIM8_TRG_COM_IRQHandler
                0x000000000800655c                TIM8_CC_IRQHandler
                0x000000000800655c                HRTIM1_Master_IRQHandler
                0x000000000800655c                SPI4_IRQHandler
                0x000000000800655c                FDCAN3_IT0_IRQHandler
                0x000000000800655c                TIM1_CC_IRQHandler
                0x000000000800655c                HRTIM1_FLT_IRQHandler
                0x000000000800655c                HRTIM1_TIMF_IRQHandler
                0x000000000800655c                USB_HP_IRQHandler
                0x000000000800655c                CORDIC_IRQHandler
                0x000000000800655c                HRTIM1_TIMD_IRQHandler
                0x000000000800655c                DMA2_Channel8_IRQHandler
                0x000000000800655c                EXTI3_IRQHandler
                0x000000000800655c                I2C3_ER_IRQHandler
                0x000000000800655c                EXTI0_IRQHandler
                0x000000000800655c                I2C2_EV_IRQHandler
                0x000000000800655c                FPU_IRQHandler
                0x000000000800655c                FDCAN1_IT1_IRQHandler
                0x000000000800655c                TIM1_UP_TIM16_IRQHandler
                0x000000000800655c                ADC1_2_IRQHandler
                0x000000000800655c                HRTIM1_TIME_IRQHandler
                0x000000000800655c                SPI1_IRQHandler
                0x000000000800655c                TIM6_DAC_IRQHandler
                0x000000000800655c                HRTIM1_TIMC_IRQHandler
                0x000000000800655c                TIM8_UP_IRQHandler
                0x000000000800655c                DMA2_Channel2_IRQHandler
                0x000000000800655c                DMA1_Channel4_IRQHandler
                0x000000000800655c                TIM20_TRG_COM_IRQHandler
                0x000000000800655c                USART3_IRQHandler
                0x000000000800655c                DMA1_Channel7_IRQHandler
                0x000000000800655c                UART5_IRQHandler
                0x000000000800655c                ADC3_IRQHandler
                0x000000000800655c                TIM4_IRQHandler
                0x000000000800655c                DMA2_Channel1_IRQHandler
                0x000000000800655c                QUADSPI_IRQHandler
                0x000000000800655c                I2C1_EV_IRQHandler
                0x000000000800655c                DMA1_Channel6_IRQHandler
                0x000000000800655c                UART4_IRQHandler
                0x000000000800655c                DMA2_Channel4_IRQHandler
                0x000000000800655c                TIM3_IRQHandler
                0x000000000800655c                RCC_IRQHandler
                0x000000000800655c                TIM20_UP_IRQHandler
                0x000000000800655c                DMA1_Channel1_IRQHandler
                0x000000000800655c                Default_Handler
                0x000000000800655c                DMA2_Channel7_IRQHandler
                0x000000000800655c                RTC_TAMP_LSECSS_IRQHandler
                0x000000000800655c                FMAC_IRQHandler
                0x000000000800655c                EXTI15_10_IRQHandler
                0x000000000800655c                DMA1_Channel8_IRQHandler
                0x000000000800655c                HRTIM1_TIMA_IRQHandler
                0x000000000800655c                TIM7_DAC_IRQHandler
                0x000000000800655c                FDCAN3_IT1_IRQHandler
                0x000000000800655c                UCPD1_IRQHandler
                0x000000000800655c                I2C3_EV_IRQHandler
                0x000000000800655c                EXTI9_5_IRQHandler
                0x000000000800655c                RTC_WKUP_IRQHandler
                0x000000000800655c                PVD_PVM_IRQHandler
                0x000000000800655c                SPI2_IRQHandler
                0x000000000800655c                ADC5_IRQHandler
                0x000000000800655c                DMA2_Channel5_IRQHandler
                0x000000000800655c                CRS_IRQHandler
                0x000000000800655c                DMA1_Channel5_IRQHandler
                0x000000000800655c                USB_LP_IRQHandler
                0x000000000800655c                EXTI4_IRQHandler
                0x000000000800655c                RNG_IRQHandler
                0x000000000800655c                HRTIM1_TIMB_IRQHandler
                0x000000000800655c                TIM1_TRG_COM_TIM17_IRQHandler
                0x000000000800655c                FDCAN2_IT1_IRQHandler
                0x000000000800655c                ADC4_IRQHandler
                0x000000000800655c                WWDG_IRQHandler
                0x000000000800655c                I2C4_EV_IRQHandler
                0x000000000800655c                FDCAN2_IT0_IRQHandler
                0x000000000800655c                LPUART1_IRQHandler
                0x000000000800655c                DMA2_Channel6_IRQHandler
                0x000000000800655c                FDCAN1_IT0_IRQHandler
                0x000000000800655c                TIM2_IRQHandler
                0x000000000800655c                COMP7_IRQHandler
                0x000000000800655c                COMP1_2_3_IRQHandler
                0x000000000800655c                EXTI1_IRQHandler
                0x000000000800655c                USART2_IRQHandler
                0x000000000800655c                COMP4_5_6_IRQHandler
                0x000000000800655c                TIM20_BRK_IRQHandler
                0x000000000800655c                I2C2_ER_IRQHandler
                0x000000000800655c                TIM8_BRK_IRQHandler
                0x000000000800655c                FLASH_IRQHandler
                0x000000000800655c                TIM20_CC_IRQHandler
                0x000000000800655c                SPI3_IRQHandler
                0x000000000800655c                I2C1_ER_IRQHandler
                0x000000000800655c                FMC_IRQHandler
                0x000000000800655c                LPTIM1_IRQHandler
                0x000000000800655c                DMAMUX_OVR_IRQHandler
                0x000000000800655c                I2C4_ER_IRQHandler
                0x000000000800655c                USBWakeUp_IRQHandler
                0x000000000800655c                SAI1_IRQHandler
                0x000000000800655c                DMA2_Channel3_IRQHandler
                0x000000000800655c                RTC_Alarm_IRQHandler
 *fill*         0x000000000800655e        0x2 
 .text.__libc_init_array
                0x0000000008006560       0x48 /Applications/ARM/bin/../lib/gcc/arm-none-eabi/10.3.1/../../../../arm-none-eabi/lib/thumb/v7e-m+fp/hard/libc_nano.a(lib_a-init.o)
                0x0000000008006560                __libc_init_array
 .text.memcpy   0x00000000080065a8       0x1c /Applications/ARM/bin/../lib/gcc/arm-none-eabi/10.3.1/../../../../arm-none-eabi/lib/thumb/v7e-m+fp/hard/libc_nano.a(lib_a-memcpy-stub.o)
                0x00000000080065a8                memcpy
 .text.memset   0x00000000080065c4       0x10 /Applications/ARM/bin/../lib/gcc/arm-none-eabi/10.3.1/../../../../arm-none-eabi/lib/thumb/v7e-m+fp/hard/libc_nano.a(lib_a-memset.o)
                0x00000000080065c4                memset
 .text.printf   0x00000000080065d4       0x30 /Applications/ARM/bin/../lib/gcc/arm-none-eabi/10.3.1/../../../../arm-none-eabi/lib/thumb/v7e-m+fp/hard/libc_nano.a(lib_a-printf.o)
                0x00000000080065d4                printf
                0x00000000080065d4                iprintf
 .text._puts_r  0x0000000008006604       0xdc /Applications/ARM/bin/../lib/gcc/arm-none-eabi/10.3.1/../../../../arm-none-eabi/lib/thumb/v7e-m+fp/hard/libc_nano.a(lib_a-puts.o)
                0x0000000008006604                _puts_r
 .text.puts     0x00000000080066e0       0x10 /Applications/ARM/bin/../lib/gcc/arm-none-eabi/10.3.1/../../../../arm-none-eabi/lib/thumb/v7e-m+fp/hard/libc_nano.a(lib_a-puts.o)
                0x00000000080066e0                puts
 .text.cleanup_glue
                0x00000000080066f0       0x1a /Applications/ARM/bin/../lib/gcc/arm-none-eabi/10.3.1/../../../../arm-none-eabi/lib/thumb/v7e-m+fp/hard/libc_nano.a(lib_a-reent.o)
                0x00000000080066f0                cleanup_glue
 *fill*         0x000000000800670a        0x2 
 .text._reclaim_reent
                0x000000000800670c       0xb8 /Applications/ARM/bin/../lib/gcc/arm-none-eabi/10.3.1/../../../../arm-none-eabi/lib/thumb/v7e-m+fp/hard/libc_nano.a(lib_a-reent.o)
                0x000000000800670c                _reclaim_reent
 .text.snprintf
                0x00000000080067c4       0x68 /Applications/ARM/bin/../lib/gcc/arm-none-eabi/10.3.1/../../../../arm-none-eabi/lib/thumb/v7e-m+fp/hard/libc_nano.a(lib_a-snprintf.o)
                0x00000000080067c4                snprintf
                0x00000000080067c4                sniprintf
 .text.__swbuf_r
                0x000000000800682c       0xa4 /Applications/ARM/bin/../lib/gcc/arm-none-eabi/10.3.1/../../../../arm-none-eabi/lib/thumb/v7e-m+fp/hard/libc_nano.a(lib_a-wbuf.o)
                0x000000000800682c                __swbuf_r
 .text.__swsetup_r
                0x00000000080068d0       0xdc /Applications/ARM/bin/../lib/gcc/arm-none-eabi/10.3.1/../../../../arm-none-eabi/lib/thumb/v7e-m+fp/hard/libc_nano.a(lib_a-wsetup.o)
                0x00000000080068d0                __swsetup_r
 .text.__sflush_r
                0x00000000080069ac      0x10c /Applications/ARM/bin/../lib/gcc/arm-none-eabi/10.3.1/../../../../arm-none-eabi/lib/thumb/v7e-m+fp/hard/libc_nano.a(lib_a-fflush.o)
                0x00000000080069ac                __sflush_r
 .text._fflush_r
                0x0000000008006ab8       0x78 /Applications/ARM/bin/../lib/gcc/arm-none-eabi/10.3.1/../../../../arm-none-eabi/lib/thumb/v7e-m+fp/hard/libc_nano.a(lib_a-fflush.o)
                0x0000000008006ab8                _fflush_r
 .text.std      0x0000000008006b30       0x48 /Applications/ARM/bin/../lib/gcc/arm-none-eabi/10.3.1/../../../../arm-none-eabi/lib/thumb/v7e-m+fp/hard/libc_nano.a(lib_a-findfp.o)
 .text._cleanup_r
                0x0000000008006b78        0xc /Applications/ARM/bin/../lib/gcc/arm-none-eabi/10.3.1/../../../../arm-none-eabi/lib/thumb/v7e-m+fp/hard/libc_nano.a(lib_a-findfp.o)
                0x0000000008006b78                _cleanup_r
 .text.__sfmoreglue
                0x0000000008006b84       0x2c /Applications/ARM/bin/../lib/gcc/arm-none-eabi/10.3.1/../../../../arm-none-eabi/lib/thumb/v7e-m+fp/hard/libc_nano.a(lib_a-findfp.o)
                0x0000000008006b84                __sfmoreglue
 .text.__sfp_lock_acquire
                0x0000000008006bb0        0xc /Applications/ARM/bin/../lib/gcc/arm-none-eabi/10.3.1/../../../../arm-none-eabi/lib/thumb/v7e-m+fp/hard/libc_nano.a(lib_a-findfp.o)
                0x0000000008006bb0                __sfp_lock_acquire
 .text.__sfp_lock_release
                0x0000000008006bbc        0xc /Applications/ARM/bin/../lib/gcc/arm-none-eabi/10.3.1/../../../../arm-none-eabi/lib/thumb/v7e-m+fp/hard/libc_nano.a(lib_a-findfp.o)
                0x0000000008006bbc                __sfp_lock_release
 .text.__sinit_lock_acquire
                0x0000000008006bc8        0xc /Applications/ARM/bin/../lib/gcc/arm-none-eabi/10.3.1/../../../../arm-none-eabi/lib/thumb/v7e-m+fp/hard/libc_nano.a(lib_a-findfp.o)
                0x0000000008006bc8                __sinit_lock_acquire
 .text.__sinit_lock_release
                0x0000000008006bd4        0xc /Applications/ARM/bin/../lib/gcc/arm-none-eabi/10.3.1/../../../../arm-none-eabi/lib/thumb/v7e-m+fp/hard/libc_nano.a(lib_a-findfp.o)
                0x0000000008006bd4                __sinit_lock_release
 .text.__sinit  0x0000000008006be0       0x70 /Applications/ARM/bin/../lib/gcc/arm-none-eabi/10.3.1/../../../../arm-none-eabi/lib/thumb/v7e-m+fp/hard/libc_nano.a(lib_a-findfp.o)
                0x0000000008006be0                __sinit
 .text.__sfp    0x0000000008006c50       0x8c /Applications/ARM/bin/../lib/gcc/arm-none-eabi/10.3.1/../../../../arm-none-eabi/lib/thumb/v7e-m+fp/hard/libc_nano.a(lib_a-findfp.o)
                0x0000000008006c50                __sfp
 .text._fwalk_reent
                0x0000000008006cdc       0x3e /Applications/ARM/bin/../lib/gcc/arm-none-eabi/10.3.1/../../../../arm-none-eabi/lib/thumb/v7e-m+fp/hard/libc_nano.a(lib_a-fwalk.o)
                0x0000000008006cdc                _fwalk_reent
 .text.__retarget_lock_init_recursive
                0x0000000008006d1a        0x2 /Applications/ARM/bin/../lib/gcc/arm-none-eabi/10.3.1/../../../../arm-none-eabi/lib/thumb/v7e-m+fp/hard/libc_nano.a(lib_a-lock.o)
                0x0000000008006d1a                __retarget_lock_init_recursive
 .text.__retarget_lock_acquire_recursive
                0x0000000008006d1c        0x2 /Applications/ARM/bin/../lib/gcc/arm-none-eabi/10.3.1/../../../../arm-none-eabi/lib/thumb/v7e-m+fp/hard/libc_nano.a(lib_a-lock.o)
                0x0000000008006d1c                __retarget_lock_acquire_recursive
 .text.__retarget_lock_release_recursive
                0x0000000008006d1e        0x2 /Applications/ARM/bin/../lib/gcc/arm-none-eabi/10.3.1/../../../../arm-none-eabi/lib/thumb/v7e-m+fp/hard/libc_nano.a(lib_a-lock.o)
                0x0000000008006d1e                __retarget_lock_release_recursive
 .text.__swhatbuf_r
                0x0000000008006d20       0x4a /Applications/ARM/bin/../lib/gcc/arm-none-eabi/10.3.1/../../../../arm-none-eabi/lib/thumb/v7e-m+fp/hard/libc_nano.a(lib_a-makebuf.o)
                0x0000000008006d20                __swhatbuf_r
 *fill*         0x0000000008006d6a        0x2 
 .text.__smakebuf_r
                0x0000000008006d6c       0x80 /Applications/ARM/bin/../lib/gcc/arm-none-eabi/10.3.1/../../../../arm-none-eabi/lib/thumb/v7e-m+fp/hard/libc_nano.a(lib_a-makebuf.o)
                0x0000000008006d6c                __smakebuf_r
 .text._free_r  0x0000000008006dec       0x98 /Applications/ARM/bin/../lib/gcc/arm-none-eabi/10.3.1/../../../../arm-none-eabi/lib/thumb/v7e-m+fp/hard/libc_nano.a(lib_a-nano-freer.o)
                0x0000000008006dec                _free_r
 .text.sbrk_aligned
                0x0000000008006e84       0x40 /Applications/ARM/bin/../lib/gcc/arm-none-eabi/10.3.1/../../../../arm-none-eabi/lib/thumb/v7e-m+fp/hard/libc_nano.a(lib_a-nano-mallocr.o)
 .text._malloc_r
                0x0000000008006ec4       0xe8 /Applications/ARM/bin/../lib/gcc/arm-none-eabi/10.3.1/../../../../arm-none-eabi/lib/thumb/v7e-m+fp/hard/libc_nano.a(lib_a-nano-mallocr.o)
                0x0000000008006ec4                _malloc_r
 .text.__ssputs_r
                0x0000000008006fac       0xb6 /Applications/ARM/bin/../lib/gcc/arm-none-eabi/10.3.1/../../../../arm-none-eabi/lib/thumb/v7e-m+fp/hard/libc_nano.a(lib_a-nano-svfprintf.o)
                0x0000000008006fac                __ssputs_r
 *fill*         0x0000000008007062        0x2 
 .text._svfprintf_r
                0x0000000008007064      0x200 /Applications/ARM/bin/../lib/gcc/arm-none-eabi/10.3.1/../../../../arm-none-eabi/lib/thumb/v7e-m+fp/hard/libc_nano.a(lib_a-nano-svfprintf.o)
                0x0000000008007064                _svfprintf_r
                0x0000000008007064                _svfiprintf_r
 .text.__sfputc_r
                0x0000000008007264       0x2e /Applications/ARM/bin/../lib/gcc/arm-none-eabi/10.3.1/../../../../arm-none-eabi/lib/thumb/v7e-m+fp/hard/libc_nano.a(lib_a-nano-vfprintf.o)
 .text.__sfputs_r
                0x0000000008007292       0x24 /Applications/ARM/bin/../lib/gcc/arm-none-eabi/10.3.1/../../../../arm-none-eabi/lib/thumb/v7e-m+fp/hard/libc_nano.a(lib_a-nano-vfprintf.o)
                0x0000000008007292                __sfputs_r
 *fill*         0x00000000080072b6        0x2 
 .text._vfprintf_r
                0x00000000080072b8      0x260 /Applications/ARM/bin/../lib/gcc/arm-none-eabi/10.3.1/../../../../arm-none-eabi/lib/thumb/v7e-m+fp/hard/libc_nano.a(lib_a-nano-vfprintf.o)
                0x00000000080072b8                _vfiprintf_r
                0x00000000080072b8                _vfprintf_r
 .text._printf_common
                0x0000000008007518       0xda /Applications/ARM/bin/../lib/gcc/arm-none-eabi/10.3.1/../../../../arm-none-eabi/lib/thumb/v7e-m+fp/hard/libc_nano.a(lib_a-nano-vfprintf_i.o)
                0x0000000008007518                _printf_common
 *fill*         0x00000000080075f2        0x2 
 .text._printf_i
                0x00000000080075f4      0x24c /Applications/ARM/bin/../lib/gcc/arm-none-eabi/10.3.1/../../../../arm-none-eabi/lib/thumb/v7e-m+fp/hard/libc_nano.a(lib_a-nano-vfprintf_i.o)
                0x00000000080075f4                _printf_i
 .text._sbrk_r  0x0000000008007840       0x20 /Applications/ARM/bin/../lib/gcc/arm-none-eabi/10.3.1/../../../../arm-none-eabi/lib/thumb/v7e-m+fp/hard/libc_nano.a(lib_a-sbrkr.o)
                0x0000000008007840                _sbrk_r
 .text.__sread  0x0000000008007860       0x22 /Applications/ARM/bin/../lib/gcc/arm-none-eabi/10.3.1/../../../../arm-none-eabi/lib/thumb/v7e-m+fp/hard/libc_nano.a(lib_a-stdio.o)
                0x0000000008007860                __sread
 .text.__swrite
                0x0000000008007882       0x38 /Applications/ARM/bin/../lib/gcc/arm-none-eabi/10.3.1/../../../../arm-none-eabi/lib/thumb/v7e-m+fp/hard/libc_nano.a(lib_a-stdio.o)
                0x0000000008007882                __swrite
 .text.__sseek  0x00000000080078ba       0x24 /Applications/ARM/bin/../lib/gcc/arm-none-eabi/10.3.1/../../../../arm-none-eabi/lib/thumb/v7e-m+fp/hard/libc_nano.a(lib_a-stdio.o)
                0x00000000080078ba                __sseek
 .text.__sclose
                0x00000000080078de        0x8 /Applications/ARM/bin/../lib/gcc/arm-none-eabi/10.3.1/../../../../arm-none-eabi/lib/thumb/v7e-m+fp/hard/libc_nano.a(lib_a-stdio.o)
                0x00000000080078de                __sclose
 *fill*         0x00000000080078e6        0x2 
 .text._write_r
                0x00000000080078e8       0x24 /Applications/ARM/bin/../lib/gcc/arm-none-eabi/10.3.1/../../../../arm-none-eabi/lib/thumb/v7e-m+fp/hard/libc_nano.a(lib_a-writer.o)
                0x00000000080078e8                _write_r
 .text._close_r
                0x000000000800790c       0x20 /Applications/ARM/bin/../lib/gcc/arm-none-eabi/10.3.1/../../../../arm-none-eabi/lib/thumb/v7e-m+fp/hard/libc_nano.a(lib_a-closer.o)
                0x000000000800790c                _close_r
 .text._fstat_r
                0x000000000800792c       0x24 /Applications/ARM/bin/../lib/gcc/arm-none-eabi/10.3.1/../../../../arm-none-eabi/lib/thumb/v7e-m+fp/hard/libc_nano.a(lib_a-fstatr.o)
                0x000000000800792c                _fstat_r
 .text._isatty_r
                0x0000000008007950       0x20 /Applications/ARM/bin/../lib/gcc/arm-none-eabi/10.3.1/../../../../arm-none-eabi/lib/thumb/v7e-m+fp/hard/libc_nano.a(lib_a-isattyr.o)
                0x0000000008007950                _isatty_r
 .text._lseek_r
                0x0000000008007970       0x24 /Applications/ARM/bin/../lib/gcc/arm-none-eabi/10.3.1/../../../../arm-none-eabi/lib/thumb/v7e-m+fp/hard/libc_nano.a(lib_a-lseekr.o)
                0x0000000008007970                _lseek_r
 .text.memmove  0x0000000008007994       0x34 /Applications/ARM/bin/../lib/gcc/arm-none-eabi/10.3.1/../../../../arm-none-eabi/lib/thumb/v7e-m+fp/hard/libc_nano.a(lib_a-memmove.o)
                0x0000000008007994                memmove
 .text.__malloc_lock
                0x00000000080079c8        0xc /Applications/ARM/bin/../lib/gcc/arm-none-eabi/10.3.1/../../../../arm-none-eabi/lib/thumb/v7e-m+fp/hard/libc_nano.a(lib_a-mlock.o)
                0x00000000080079c8                __malloc_lock
 .text.__malloc_unlock
                0x00000000080079d4        0xc /Applications/ARM/bin/../lib/gcc/arm-none-eabi/10.3.1/../../../../arm-none-eabi/lib/thumb/v7e-m+fp/hard/libc_nano.a(lib_a-mlock.o)
                0x00000000080079d4                __malloc_unlock
 .text._realloc_r
                0x00000000080079e0       0x5e /Applications/ARM/bin/../lib/gcc/arm-none-eabi/10.3.1/../../../../arm-none-eabi/lib/thumb/v7e-m+fp/hard/libc_nano.a(lib_a-nano-reallocr.o)
                0x00000000080079e0                _realloc_r
 *fill*         0x0000000008007a3e        0x2 
 .text._read_r  0x0000000008007a40       0x24 /Applications/ARM/bin/../lib/gcc/arm-none-eabi/10.3.1/../../../../arm-none-eabi/lib/thumb/v7e-m+fp/hard/libc_nano.a(lib_a-readr.o)
                0x0000000008007a40                _read_r
 .text._malloc_usable_size_r
                0x0000000008007a64       0x10 /Applications/ARM/bin/../lib/gcc/arm-none-eabi/10.3.1/../../../../arm-none-eabi/lib/thumb/v7e-m+fp/hard/libc_nano.a(lib_a-nano-msizer.o)
                0x0000000008007a64                _malloc_usable_size_r
 .text._close   0x0000000008007a74       0x10 /Applications/ARM/bin/../lib/gcc/arm-none-eabi/10.3.1/../../../../arm-none-eabi/lib/thumb/v7e-m+fp/hard/libnosys.a(close.o)
                0x0000000008007a74                _close
 .text._fstat   0x0000000008007a84       0x10 /Applications/ARM/bin/../lib/gcc/arm-none-eabi/10.3.1/../../../../arm-none-eabi/lib/thumb/v7e-m+fp/hard/libnosys.a(fstat.o)
                0x0000000008007a84                _fstat
 .text._isatty  0x0000000008007a94       0x10 /Applications/ARM/bin/../lib/gcc/arm-none-eabi/10.3.1/../../../../arm-none-eabi/lib/thumb/v7e-m+fp/hard/libnosys.a(isatty.o)
                0x0000000008007a94                _isatty
 .text._lseek   0x0000000008007aa4       0x10 /Applications/ARM/bin/../lib/gcc/arm-none-eabi/10.3.1/../../../../arm-none-eabi/lib/thumb/v7e-m+fp/hard/libnosys.a(lseek.o)
                0x0000000008007aa4                _lseek
 .text._read    0x0000000008007ab4       0x10 /Applications/ARM/bin/../lib/gcc/arm-none-eabi/10.3.1/../../../../arm-none-eabi/lib/thumb/v7e-m+fp/hard/libnosys.a(read.o)
                0x0000000008007ab4                _read
 .text._sbrk    0x0000000008007ac4       0x1c /Applications/ARM/bin/../lib/gcc/arm-none-eabi/10.3.1/../../../../arm-none-eabi/lib/thumb/v7e-m+fp/hard/libnosys.a(sbrk.o)
                0x0000000008007ac4                _sbrk
 .text._write   0x0000000008007ae0       0x10 /Applications/ARM/bin/../lib/gcc/arm-none-eabi/10.3.1/../../../../arm-none-eabi/lib/thumb/v7e-m+fp/hard/libnosys.a(write.o)
                0x0000000008007ae0                _write
 *(.glue_7)
 .glue_7        0x0000000008007af0        0x0 linker stubs
 *(.glue_7t)
 .glue_7t       0x0000000008007af0        0x0 linker stubs
 *(.eh_frame)
 .eh_frame      0x0000000008007af0        0x0 /Applications/ARM/bin/../lib/gcc/arm-none-eabi/10.3.1/thumb/v7e-m+fp/hard/crtbegin.o
 *(.init)
 .init          0x0000000008007af0        0x4 /Applications/ARM/bin/../lib/gcc/arm-none-eabi/10.3.1/thumb/v7e-m+fp/hard/crti.o
                0x0000000008007af0                _init
 .init          0x0000000008007af4        0x8 /Applications/ARM/bin/../lib/gcc/arm-none-eabi/10.3.1/thumb/v7e-m+fp/hard/crtn.o
 *(.fini)
 .fini          0x0000000008007afc        0x4 /Applications/ARM/bin/../lib/gcc/arm-none-eabi/10.3.1/thumb/v7e-m+fp/hard/crti.o
                0x0000000008007afc                _fini
 .fini          0x0000000008007b00        0x8 /Applications/ARM/bin/../lib/gcc/arm-none-eabi/10.3.1/thumb/v7e-m+fp/hard/crtn.o
                0x0000000008007b08                . = ALIGN (0x4)
                0x0000000008007b08                _etext = .

.vfp11_veneer   0x0000000008007b08        0x0
 .vfp11_veneer  0x0000000008007b08        0x0 linker stubs

.v4_bx          0x0000000008007b08        0x0
 .v4_bx         0x0000000008007b08        0x0 linker stubs

.iplt           0x0000000008007b08        0x0
 .iplt          0x0000000008007b08        0x0 /Applications/ARM/bin/../lib/gcc/arm-none-eabi/10.3.1/thumb/v7e-m+fp/hard/crtbegin.o

.rodata         0x0000000008007b08      0x1d4
                0x0000000008007b08                . = ALIGN (0x4)
 *(.rodata)
 *(.rodata*)
 .rodata.StartRecvTask.str1.4
                0x0000000008007b08       0x2c build/main.o
 .rodata.HAL_ADC_ConvCpltCallback.str1.4
                0x0000000008007b34       0x19 build/main.o
 *fill*         0x0000000008007b4d        0x3 
 .rodata.main.str1.4
                0x0000000008007b50       0x14 build/main.o
 .rodata.str1.4
                0x0000000008007b64       0x18 build/main.o
 .rodata.RecvTask_attributes
                0x0000000008007b7c       0x24 build/main.o
                0x0000000008007b7c                RecvTask_attributes
 .rodata.defaultTask_attributes
                0x0000000008007ba0       0x24 build/main.o
                0x0000000008007ba0                defaultTask_attributes
 .rodata.HardFault_Handler.str1.4
                0x0000000008007bc4        0x7 build/stm32g4xx_it.o
 *fill*         0x0000000008007bcb        0x1 
 .rodata.USAR_UART_IDLECallback.str1.4
                0x0000000008007bcc        0x4 build/stm32g4xx_it.o
 .rodata.USER_UART_IRQHandler.str1.4
                0x0000000008007bd0       0x1b build/stm32g4xx_it.o
 *fill*         0x0000000008007beb        0x1 
 .rodata.UARTPrescTable
                0x0000000008007bec       0x18 build/stm32g4xx_hal_uart.o
                0x0000000008007bec                UARTPrescTable
 .rodata.denominator.0
                0x0000000008007c04        0x8 build/stm32g4xx_hal_uart_ex.o
 .rodata.numerator.1
                0x0000000008007c0c        0x8 build/stm32g4xx_hal_uart_ex.o
 .rodata.AHBPrescTable
                0x0000000008007c14       0x10 build/system_stm32g4xx.o
                0x0000000008007c14                AHBPrescTable
 .rodata.APBPrescTable
                0x0000000008007c24        0x8 build/system_stm32g4xx.o
                0x0000000008007c24                APBPrescTable
 .rodata.vTaskStartScheduler.str1.4
                0x0000000008007c2c        0x5 build/tasks.o
 *fill*         0x0000000008007c31        0x3 
 .rodata.prvCheckForValidListAndQueue.str1.4
                0x0000000008007c34        0x5 build/timers.o
 *fill*         0x0000000008007c39        0x3 
 .rodata.xTimerCreateTimerTask.str1.4
                0x0000000008007c3c        0x8 build/timers.o
 .rodata._global_impure_ptr
                0x0000000008007c44        0x4 /Applications/ARM/bin/../lib/gcc/arm-none-eabi/10.3.1/../../../../arm-none-eabi/lib/thumb/v7e-m+fp/hard/libc_nano.a(lib_a-impure.o)
                0x0000000008007c44                _global_impure_ptr
 .rodata.__sf_fake_stderr
                0x0000000008007c48       0x20 /Applications/ARM/bin/../lib/gcc/arm-none-eabi/10.3.1/../../../../arm-none-eabi/lib/thumb/v7e-m+fp/hard/libc_nano.a(lib_a-findfp.o)
                0x0000000008007c48                __sf_fake_stderr
 .rodata.__sf_fake_stdin
                0x0000000008007c68       0x20 /Applications/ARM/bin/../lib/gcc/arm-none-eabi/10.3.1/../../../../arm-none-eabi/lib/thumb/v7e-m+fp/hard/libc_nano.a(lib_a-findfp.o)
                0x0000000008007c68                __sf_fake_stdin
 .rodata.__sf_fake_stdout
                0x0000000008007c88       0x20 /Applications/ARM/bin/../lib/gcc/arm-none-eabi/10.3.1/../../../../arm-none-eabi/lib/thumb/v7e-m+fp/hard/libc_nano.a(lib_a-findfp.o)
                0x0000000008007c88                __sf_fake_stdout
 .rodata._svfprintf_r.str1.1
                0x0000000008007ca8       0x11 /Applications/ARM/bin/../lib/gcc/arm-none-eabi/10.3.1/../../../../arm-none-eabi/lib/thumb/v7e-m+fp/hard/libc_nano.a(lib_a-nano-svfprintf.o)
 .rodata._vfprintf_r.str1.1
                0x0000000008007cb9       0x11 /Applications/ARM/bin/../lib/gcc/arm-none-eabi/10.3.1/../../../../arm-none-eabi/lib/thumb/v7e-m+fp/hard/libc_nano.a(lib_a-nano-vfprintf.o)
 .rodata._printf_i.str1.1
                0x0000000008007cb9       0x22 /Applications/ARM/bin/../lib/gcc/arm-none-eabi/10.3.1/../../../../arm-none-eabi/lib/thumb/v7e-m+fp/hard/libc_nano.a(lib_a-nano-vfprintf_i.o)
                0x0000000008007cdc                . = ALIGN (0x4)
 *fill*         0x0000000008007cdb        0x1 

.ARM.extab
 *(.ARM.extab* .gnu.linkonce.armextab.*)

.ARM            0x0000000008007cdc        0x8
                0x0000000008007cdc                __exidx_start = .
 *(.ARM.exidx*)
 .ARM.exidx     0x0000000008007cdc        0x8 /Applications/ARM/bin/../lib/gcc/arm-none-eabi/10.3.1/thumb/v7e-m+fp/hard/libgcc.a(_udivmoddi4.o)
                0x0000000008007ce4                __exidx_end = .

.rel.dyn        0x0000000008007ce4        0x0
 .rel.iplt      0x0000000008007ce4        0x0 /Applications/ARM/bin/../lib/gcc/arm-none-eabi/10.3.1/thumb/v7e-m+fp/hard/crtbegin.o

.preinit_array  0x0000000008007ce4        0x0
                0x0000000008007ce4                PROVIDE (__preinit_array_start = .)
 *(.preinit_array*)
                0x0000000008007ce4                PROVIDE (__preinit_array_end = .)

.init_array     0x0000000008007ce4        0x4
                0x0000000008007ce4                PROVIDE (__init_array_start = .)
 *(SORT_BY_NAME(.init_array.*))
 *(.init_array*)
 .init_array    0x0000000008007ce4        0x4 /Applications/ARM/bin/../lib/gcc/arm-none-eabi/10.3.1/thumb/v7e-m+fp/hard/crtbegin.o
                0x0000000008007ce8                PROVIDE (__init_array_end = .)

.fini_array     0x0000000008007ce8        0x4
                [!provide]                        PROVIDE (__fini_array_start = .)
 *(SORT_BY_NAME(.fini_array.*))
 *(.fini_array*)
 .fini_array    0x0000000008007ce8        0x4 /Applications/ARM/bin/../lib/gcc/arm-none-eabi/10.3.1/thumb/v7e-m+fp/hard/crtbegin.o
                [!provide]                        PROVIDE (__fini_array_end = .)
                0x0000000008007cec                _sidata = LOADADDR (.data)

.data           0x0000000020000000       0x74 load address 0x0000000008007cec
                0x0000000020000000                . = ALIGN (0x4)
                0x0000000020000000                _sdata = .
 *(.data)
 *(.data*)
 .data.uwTickFreq
                0x0000000020000000        0x4 build/stm32g4xx_hal.o
                0x0000000020000000                uwTickFreq
 .data.uwTickPrio
                0x0000000020000004        0x4 build/stm32g4xx_hal.o
                0x0000000020000004                uwTickPrio
 .data.SystemCoreClock
                0x0000000020000008        0x4 build/system_stm32g4xx.o
                0x0000000020000008                SystemCoreClock
 .data.uxCriticalNesting
                0x000000002000000c        0x4 build/port.o
 .data._impure_ptr
                0x0000000020000010        0x4 /Applications/ARM/bin/../lib/gcc/arm-none-eabi/10.3.1/../../../../arm-none-eabi/lib/thumb/v7e-m+fp/hard/libc_nano.a(lib_a-impure.o)
                0x0000000020000010                _impure_ptr
 .data.impure_data
                0x0000000020000014       0x60 /Applications/ARM/bin/../lib/gcc/arm-none-eabi/10.3.1/../../../../arm-none-eabi/lib/thumb/v7e-m+fp/hard/libc_nano.a(lib_a-impure.o)
                0x0000000020000074                . = ALIGN (0x4)
                0x0000000020000074                _edata = .

.igot.plt       0x0000000020000074        0x0 load address 0x0000000008007d60
 .igot.plt      0x0000000020000074        0x0 /Applications/ARM/bin/../lib/gcc/arm-none-eabi/10.3.1/thumb/v7e-m+fp/hard/crtbegin.o
                0x0000000020000074                . = ALIGN (0x4)

.bss            0x0000000020000078     0x48a4 load address 0x0000000008007d60
                0x0000000020000078                _sbss = .
                0x0000000020000078                __bss_start__ = _sbss
 *(.bss)
 .bss           0x0000000020000078       0x1c /Applications/ARM/bin/../lib/gcc/arm-none-eabi/10.3.1/thumb/v7e-m+fp/hard/crtbegin.o
 *(.bss*)
 .bss.CommandQueueHandle
                0x0000000020000094        0x4 build/main.o
                0x0000000020000094                CommandQueueHandle
 .bss.RecvTaskHandle
                0x0000000020000098        0x4 build/main.o
                0x0000000020000098                RecvTaskHandle
 .bss.adc_buf   0x000000002000009c      0x800 build/main.o
                0x000000002000009c                adc_buf
 .bss.defaultTaskHandle
                0x000000002000089c        0x4 build/main.o
                0x000000002000089c                defaultTaskHandle
 .bss.hadc1     0x00000000200008a0       0x6c build/main.o
                0x00000000200008a0                hadc1
 .bss.hdma_adc1
                0x000000002000090c       0x60 build/main.o
                0x000000002000090c                hdma_adc1
 .bss.hdma_usart1_rx
                0x000000002000096c       0x60 build/main.o
                0x000000002000096c                hdma_usart1_rx
 .bss.htim1     0x00000000200009cc       0x4c build/main.o
                0x00000000200009cc                htim1
 .bss.htim2     0x0000000020000a18       0x4c build/main.o
                0x0000000020000a18                htim2
 .bss.huart1    0x0000000020000a64       0x90 build/main.o
                0x0000000020000a64                huart1
 .bss.receive   0x0000000020000af4        0x4 build/main.o
                0x0000000020000af4                receive
 .bss.receive_buff
                0x0000000020000af8       0xff build/main.o
                0x0000000020000af8                receive_buff
 *fill*         0x0000000020000bf7        0x1 
 .bss.htim5     0x0000000020000bf8       0x4c build/stm32g4xx_hal_timebase_tim.o
                0x0000000020000bf8                htim5
 .bss.uwTick    0x0000000020000c44        0x4 build/stm32g4xx_hal.o
                0x0000000020000c44                uwTick
 .bss.xQueueRegistry
                0x0000000020000c48       0x40 build/queue.o
                0x0000000020000c48                xQueueRegistry
 .bss.pxCurrentTCB
                0x0000000020000c88        0x4 build/tasks.o
                0x0000000020000c88                pxCurrentTCB
 .bss.pxDelayedTaskList
                0x0000000020000c8c        0x4 build/tasks.o
 .bss.pxOverflowDelayedTaskList
                0x0000000020000c90        0x4 build/tasks.o
 .bss.pxReadyTasksLists
                0x0000000020000c94      0x460 build/tasks.o
 .bss.uxCurrentNumberOfTasks
                0x00000000200010f4        0x4 build/tasks.o
 .bss.uxDeletedTasksWaitingCleanUp
                0x00000000200010f8        0x4 build/tasks.o
 .bss.uxSchedulerSuspended
                0x00000000200010fc        0x4 build/tasks.o
 .bss.uxTaskNumber
                0x0000000020001100        0x4 build/tasks.o
 .bss.uxTopReadyPriority
                0x0000000020001104        0x4 build/tasks.o
 .bss.xDelayedTaskList1
                0x0000000020001108       0x14 build/tasks.o
 .bss.xDelayedTaskList2
                0x000000002000111c       0x14 build/tasks.o
 .bss.xIdleTaskHandle
                0x0000000020001130        0x4 build/tasks.o
 .bss.xNextTaskUnblockTime
                0x0000000020001134        0x4 build/tasks.o
 .bss.xNumOfOverflows
                0x0000000020001138        0x4 build/tasks.o
 .bss.xPendedTicks
                0x000000002000113c        0x4 build/tasks.o
 .bss.xPendingReadyList
                0x0000000020001140       0x14 build/tasks.o
 .bss.xSchedulerRunning
                0x0000000020001154        0x4 build/tasks.o
 .bss.xSuspendedTaskList
                0x0000000020001158       0x14 build/tasks.o
 .bss.xTasksWaitingTermination
                0x000000002000116c       0x14 build/tasks.o
 .bss.xTickCount
                0x0000000020001180        0x4 build/tasks.o
 .bss.xYieldPending
                0x0000000020001184        0x4 build/tasks.o
 .bss.pxCurrentTimerList
                0x0000000020001188        0x4 build/timers.o
 .bss.pxOverflowTimerList
                0x000000002000118c        0x4 build/timers.o
 .bss.ucStaticTimerQueueStorage.1
                0x0000000020001190       0xa0 build/timers.o
 .bss.xActiveTimerList1
                0x0000000020001230       0x14 build/timers.o
 .bss.xActiveTimerList2
                0x0000000020001244       0x14 build/timers.o
 .bss.xLastTime.2
                0x0000000020001258        0x4 build/timers.o
 .bss.xStaticTimerQueue.0
                0x000000002000125c       0x50 build/timers.o
 .bss.xTimerQueue
                0x00000000200012ac        0x4 build/timers.o
 .bss.xTimerTaskHandle
                0x00000000200012b0        0x4 build/timers.o
 .bss.Idle_Stack.2
                0x00000000200012b4      0x200 build/cmsis_os2.o
 *fill*         0x00000000200014b4        0x4 
 .bss.Idle_TCB.3
                0x00000000200014b8      0x488 build/cmsis_os2.o
 .bss.KernelState
                0x0000000020001940        0x4 build/cmsis_os2.o
 .bss.Timer_Stack.0
                0x0000000020001944      0x400 build/cmsis_os2.o
 *fill*         0x0000000020001d44        0x4 
 .bss.Timer_TCB.1
                0x0000000020001d48      0x488 build/cmsis_os2.o
 .bss.pxEnd     0x00000000200021d0        0x4 build/heap_4.o
 .bss.ucHeap    0x00000000200021d4     0x2710 build/heap_4.o
 .bss.xBlockAllocatedBit
                0x00000000200048e4        0x4 build/heap_4.o
 .bss.xFreeBytesRemaining
                0x00000000200048e8        0x4 build/heap_4.o
 .bss.xMinimumEverFreeBytesRemaining
                0x00000000200048ec        0x4 build/heap_4.o
 .bss.xNumberOfSuccessfulAllocations
                0x00000000200048f0        0x4 build/heap_4.o
 .bss.xNumberOfSuccessfulFrees
                0x00000000200048f4        0x4 build/heap_4.o
 .bss.xStart    0x00000000200048f8        0x8 build/heap_4.o
 .bss.ucMaxSysCallPriority
                0x0000000020004900        0x1 build/port.o
 *fill*         0x0000000020004901        0x3 
 .bss.ulMaxPRIGROUPValue
                0x0000000020004904        0x4 build/port.o
 .bss.errno     0x0000000020004908        0x4 /Applications/ARM/bin/../lib/gcc/arm-none-eabi/10.3.1/../../../../arm-none-eabi/lib/thumb/v7e-m+fp/hard/libc_nano.a(lib_a-reent.o)
                0x0000000020004908                errno
 .bss.__lock___malloc_recursive_mutex
                0x000000002000490c        0x1 /Applications/ARM/bin/../lib/gcc/arm-none-eabi/10.3.1/../../../../arm-none-eabi/lib/thumb/v7e-m+fp/hard/libc_nano.a(lib_a-lock.o)
                0x000000002000490c                __lock___malloc_recursive_mutex
 .bss.__lock___sfp_recursive_mutex
                0x000000002000490d        0x1 /Applications/ARM/bin/../lib/gcc/arm-none-eabi/10.3.1/../../../../arm-none-eabi/lib/thumb/v7e-m+fp/hard/libc_nano.a(lib_a-lock.o)
                0x000000002000490d                __lock___sfp_recursive_mutex
 .bss.__lock___sinit_recursive_mutex
                0x000000002000490e        0x1 /Applications/ARM/bin/../lib/gcc/arm-none-eabi/10.3.1/../../../../arm-none-eabi/lib/thumb/v7e-m+fp/hard/libc_nano.a(lib_a-lock.o)
                0x000000002000490e                __lock___sinit_recursive_mutex
 *fill*         0x000000002000490f        0x1 
 .bss.__malloc_free_list
                0x0000000020004910        0x4 /Applications/ARM/bin/../lib/gcc/arm-none-eabi/10.3.1/../../../../arm-none-eabi/lib/thumb/v7e-m+fp/hard/libc_nano.a(lib_a-nano-mallocr.o)
                0x0000000020004910                __malloc_free_list
 .bss.__malloc_sbrk_start
                0x0000000020004914        0x4 /Applications/ARM/bin/../lib/gcc/arm-none-eabi/10.3.1/../../../../arm-none-eabi/lib/thumb/v7e-m+fp/hard/libc_nano.a(lib_a-nano-mallocr.o)
                0x0000000020004914                __malloc_sbrk_start
 .bss.heap_end.0
                0x0000000020004918        0x4 /Applications/ARM/bin/../lib/gcc/arm-none-eabi/10.3.1/../../../../arm-none-eabi/lib/thumb/v7e-m+fp/hard/libnosys.a(sbrk.o)
 *(COMMON)
                0x000000002000491c                . = ALIGN (0x4)
                0x000000002000491c                _ebss = .
                0x000000002000491c                __bss_end__ = _ebss

._user_heap_stack
                0x000000002000491c      0x604 load address 0x0000000008007d60
                0x0000000020004920                . = ALIGN (0x8)
 *fill*         0x000000002000491c        0x4 
                0x0000000020004920                PROVIDE (end = .)
                [!provide]                        PROVIDE (_end = .)
                0x0000000020004b20                . = (. + _Min_Heap_Size)
 *fill*         0x0000000020004920      0x200 
                0x0000000020004f20                . = (. + _Min_Stack_Size)
 *fill*         0x0000000020004b20      0x400 
                0x0000000020004f20                . = ALIGN (0x8)

/DISCARD/
 libc.a(*)
 libm.a(*)
 libgcc.a(*)

.ARM.attributes
                0x0000000000000000       0x30
 *(.ARM.attributes)
 .ARM.attributes
                0x0000000000000000       0x1e /Applications/ARM/bin/../lib/gcc/arm-none-eabi/10.3.1/thumb/v7e-m+fp/hard/crti.o
 .ARM.attributes
                0x000000000000001e       0x34 /Applications/ARM/bin/../lib/gcc/arm-none-eabi/10.3.1/thumb/v7e-m+fp/hard/crtbegin.o
 .ARM.attributes
                0x0000000000000052       0x34 build/main.o
 .ARM.attributes
                0x0000000000000086       0x34 build/stm32g4xx_it.o
 .ARM.attributes
                0x00000000000000ba       0x34 build/stm32g4xx_hal_msp.o
 .ARM.attributes
                0x00000000000000ee       0x34 build/stm32g4xx_hal_timebase_tim.o
 .ARM.attributes
                0x0000000000000122       0x34 build/stm32g4xx_hal_adc.o
 .ARM.attributes
                0x0000000000000156       0x34 build/stm32g4xx_hal_adc_ex.o
 .ARM.attributes
                0x000000000000018a       0x34 build/stm32g4xx_hal.o
 .ARM.attributes
                0x00000000000001be       0x34 build/stm32g4xx_hal_rcc.o
 .ARM.attributes
                0x00000000000001f2       0x34 build/stm32g4xx_hal_rcc_ex.o
 .ARM.attributes
                0x0000000000000226       0x34 build/stm32g4xx_hal_gpio.o
 .ARM.attributes
                0x000000000000025a       0x34 build/stm32g4xx_hal_dma.o
 .ARM.attributes
                0x000000000000028e       0x34 build/stm32g4xx_hal_pwr_ex.o
 .ARM.attributes
                0x00000000000002c2       0x34 build/stm32g4xx_hal_cortex.o
 .ARM.attributes
                0x00000000000002f6       0x34 build/stm32g4xx_hal_tim.o
 .ARM.attributes
                0x000000000000032a       0x34 build/stm32g4xx_hal_tim_ex.o
 .ARM.attributes
                0x000000000000035e       0x34 build/stm32g4xx_hal_uart.o
 .ARM.attributes
                0x0000000000000392       0x34 build/stm32g4xx_hal_uart_ex.o
 .ARM.attributes
                0x00000000000003c6       0x34 build/system_stm32g4xx.o
 .ARM.attributes
                0x00000000000003fa       0x34 build/list.o
 .ARM.attributes
                0x000000000000042e       0x34 build/queue.o
 .ARM.attributes
                0x0000000000000462       0x34 build/tasks.o
 .ARM.attributes
                0x0000000000000496       0x34 build/timers.o
 .ARM.attributes
                0x00000000000004ca       0x34 build/cmsis_os2.o
 .ARM.attributes
                0x00000000000004fe       0x34 build/heap_4.o
 .ARM.attributes
                0x0000000000000532       0x34 build/port.o
 .ARM.attributes
                0x0000000000000566       0x21 build/startup_stm32g474xx.o
 .ARM.attributes
                0x0000000000000587       0x34 /Applications/ARM/bin/../lib/gcc/arm-none-eabi/10.3.1/../../../../arm-none-eabi/lib/thumb/v7e-m+fp/hard/libc_nano.a(lib_a-impure.o)
 .ARM.attributes
                0x00000000000005bb       0x34 /Applications/ARM/bin/../lib/gcc/arm-none-eabi/10.3.1/../../../../arm-none-eabi/lib/thumb/v7e-m+fp/hard/libc_nano.a(lib_a-init.o)
 .ARM.attributes
                0x00000000000005ef       0x34 /Applications/ARM/bin/../lib/gcc/arm-none-eabi/10.3.1/../../../../arm-none-eabi/lib/thumb/v7e-m+fp/hard/libc_nano.a(lib_a-memcpy-stub.o)
 .ARM.attributes
                0x0000000000000623       0x34 /Applications/ARM/bin/../lib/gcc/arm-none-eabi/10.3.1/../../../../arm-none-eabi/lib/thumb/v7e-m+fp/hard/libc_nano.a(lib_a-memset.o)
 .ARM.attributes
                0x0000000000000657       0x34 /Applications/ARM/bin/../lib/gcc/arm-none-eabi/10.3.1/../../../../arm-none-eabi/lib/thumb/v7e-m+fp/hard/libc_nano.a(lib_a-printf.o)
 .ARM.attributes
                0x000000000000068b       0x34 /Applications/ARM/bin/../lib/gcc/arm-none-eabi/10.3.1/../../../../arm-none-eabi/lib/thumb/v7e-m+fp/hard/libc_nano.a(lib_a-puts.o)
 .ARM.attributes
                0x00000000000006bf       0x34 /Applications/ARM/bin/../lib/gcc/arm-none-eabi/10.3.1/../../../../arm-none-eabi/lib/thumb/v7e-m+fp/hard/libc_nano.a(lib_a-reent.o)
 .ARM.attributes
                0x00000000000006f3       0x34 /Applications/ARM/bin/../lib/gcc/arm-none-eabi/10.3.1/../../../../arm-none-eabi/lib/thumb/v7e-m+fp/hard/libc_nano.a(lib_a-snprintf.o)
 .ARM.attributes
                0x0000000000000727       0x34 /Applications/ARM/bin/../lib/gcc/arm-none-eabi/10.3.1/../../../../arm-none-eabi/lib/thumb/v7e-m+fp/hard/libc_nano.a(lib_a-wbuf.o)
 .ARM.attributes
                0x000000000000075b       0x34 /Applications/ARM/bin/../lib/gcc/arm-none-eabi/10.3.1/../../../../arm-none-eabi/lib/thumb/v7e-m+fp/hard/libc_nano.a(lib_a-wsetup.o)
 .ARM.attributes
                0x000000000000078f       0x34 /Applications/ARM/bin/../lib/gcc/arm-none-eabi/10.3.1/../../../../arm-none-eabi/lib/thumb/v7e-m+fp/hard/libc_nano.a(lib_a-fflush.o)
 .ARM.attributes
                0x00000000000007c3       0x34 /Applications/ARM/bin/../lib/gcc/arm-none-eabi/10.3.1/../../../../arm-none-eabi/lib/thumb/v7e-m+fp/hard/libc_nano.a(lib_a-findfp.o)
 .ARM.attributes
                0x00000000000007f7       0x34 /Applications/ARM/bin/../lib/gcc/arm-none-eabi/10.3.1/../../../../arm-none-eabi/lib/thumb/v7e-m+fp/hard/libc_nano.a(lib_a-fwalk.o)
 .ARM.attributes
                0x000000000000082b       0x34 /Applications/ARM/bin/../lib/gcc/arm-none-eabi/10.3.1/../../../../arm-none-eabi/lib/thumb/v7e-m+fp/hard/libc_nano.a(lib_a-lock.o)
 .ARM.attributes
                0x000000000000085f       0x34 /Applications/ARM/bin/../lib/gcc/arm-none-eabi/10.3.1/../../../../arm-none-eabi/lib/thumb/v7e-m+fp/hard/libc_nano.a(lib_a-makebuf.o)
 .ARM.attributes
                0x0000000000000893       0x34 /Applications/ARM/bin/../lib/gcc/arm-none-eabi/10.3.1/../../../../arm-none-eabi/lib/thumb/v7e-m+fp/hard/libc_nano.a(lib_a-nano-freer.o)
 .ARM.attributes
                0x00000000000008c7       0x34 /Applications/ARM/bin/../lib/gcc/arm-none-eabi/10.3.1/../../../../arm-none-eabi/lib/thumb/v7e-m+fp/hard/libc_nano.a(lib_a-nano-mallocr.o)
 .ARM.attributes
                0x00000000000008fb       0x34 /Applications/ARM/bin/../lib/gcc/arm-none-eabi/10.3.1/../../../../arm-none-eabi/lib/thumb/v7e-m+fp/hard/libc_nano.a(lib_a-nano-svfprintf.o)
 .ARM.attributes
                0x000000000000092f       0x34 /Applications/ARM/bin/../lib/gcc/arm-none-eabi/10.3.1/../../../../arm-none-eabi/lib/thumb/v7e-m+fp/hard/libc_nano.a(lib_a-nano-vfprintf.o)
 .ARM.attributes
                0x0000000000000963       0x34 /Applications/ARM/bin/../lib/gcc/arm-none-eabi/10.3.1/../../../../arm-none-eabi/lib/thumb/v7e-m+fp/hard/libc_nano.a(lib_a-nano-vfprintf_i.o)
 .ARM.attributes
                0x0000000000000997       0x34 /Applications/ARM/bin/../lib/gcc/arm-none-eabi/10.3.1/../../../../arm-none-eabi/lib/thumb/v7e-m+fp/hard/libc_nano.a(lib_a-sbrkr.o)
 .ARM.attributes
                0x00000000000009cb       0x34 /Applications/ARM/bin/../lib/gcc/arm-none-eabi/10.3.1/../../../../arm-none-eabi/lib/thumb/v7e-m+fp/hard/libc_nano.a(lib_a-stdio.o)
 .ARM.attributes
                0x00000000000009ff       0x34 /Applications/ARM/bin/../lib/gcc/arm-none-eabi/10.3.1/../../../../arm-none-eabi/lib/thumb/v7e-m+fp/hard/libc_nano.a(lib_a-writer.o)
 .ARM.attributes
                0x0000000000000a33       0x34 /Applications/ARM/bin/../lib/gcc/arm-none-eabi/10.3.1/../../../../arm-none-eabi/lib/thumb/v7e-m+fp/hard/libc_nano.a(lib_a-closer.o)
 .ARM.attributes
                0x0000000000000a67       0x34 /Applications/ARM/bin/../lib/gcc/arm-none-eabi/10.3.1/../../../../arm-none-eabi/lib/thumb/v7e-m+fp/hard/libc_nano.a(lib_a-fstatr.o)
 .ARM.attributes
                0x0000000000000a9b       0x34 /Applications/ARM/bin/../lib/gcc/arm-none-eabi/10.3.1/../../../../arm-none-eabi/lib/thumb/v7e-m+fp/hard/libc_nano.a(lib_a-isattyr.o)
 .ARM.attributes
                0x0000000000000acf       0x34 /Applications/ARM/bin/../lib/gcc/arm-none-eabi/10.3.1/../../../../arm-none-eabi/lib/thumb/v7e-m+fp/hard/libc_nano.a(lib_a-lseekr.o)
 .ARM.attributes
                0x0000000000000b03       0x1c /Applications/ARM/bin/../lib/gcc/arm-none-eabi/10.3.1/../../../../arm-none-eabi/lib/thumb/v7e-m+fp/hard/libc_nano.a(lib_a-memchr.o)
 .ARM.attributes
                0x0000000000000b1f       0x34 /Applications/ARM/bin/../lib/gcc/arm-none-eabi/10.3.1/../../../../arm-none-eabi/lib/thumb/v7e-m+fp/hard/libc_nano.a(lib_a-memmove.o)
 .ARM.attributes
                0x0000000000000b53       0x34 /Applications/ARM/bin/../lib/gcc/arm-none-eabi/10.3.1/../../../../arm-none-eabi/lib/thumb/v7e-m+fp/hard/libc_nano.a(lib_a-mlock.o)
 .ARM.attributes
                0x0000000000000b87       0x34 /Applications/ARM/bin/../lib/gcc/arm-none-eabi/10.3.1/../../../../arm-none-eabi/lib/thumb/v7e-m+fp/hard/libc_nano.a(lib_a-nano-reallocr.o)
 .ARM.attributes
                0x0000000000000bbb       0x34 /Applications/ARM/bin/../lib/gcc/arm-none-eabi/10.3.1/../../../../arm-none-eabi/lib/thumb/v7e-m+fp/hard/libc_nano.a(lib_a-readr.o)
 .ARM.attributes
                0x0000000000000bef       0x34 /Applications/ARM/bin/../lib/gcc/arm-none-eabi/10.3.1/../../../../arm-none-eabi/lib/thumb/v7e-m+fp/hard/libc_nano.a(lib_a-nano-msizer.o)
 .ARM.attributes
                0x0000000000000c23       0x34 /Applications/ARM/bin/../lib/gcc/arm-none-eabi/10.3.1/../../../../arm-none-eabi/lib/thumb/v7e-m+fp/hard/libnosys.a(close.o)
 .ARM.attributes
                0x0000000000000c57       0x34 /Applications/ARM/bin/../lib/gcc/arm-none-eabi/10.3.1/../../../../arm-none-eabi/lib/thumb/v7e-m+fp/hard/libnosys.a(fstat.o)
 .ARM.attributes
                0x0000000000000c8b       0x34 /Applications/ARM/bin/../lib/gcc/arm-none-eabi/10.3.1/../../../../arm-none-eabi/lib/thumb/v7e-m+fp/hard/libnosys.a(isatty.o)
 .ARM.attributes
                0x0000000000000cbf       0x34 /Applications/ARM/bin/../lib/gcc/arm-none-eabi/10.3.1/../../../../arm-none-eabi/lib/thumb/v7e-m+fp/hard/libnosys.a(lseek.o)
 .ARM.attributes
                0x0000000000000cf3       0x34 /Applications/ARM/bin/../lib/gcc/arm-none-eabi/10.3.1/../../../../arm-none-eabi/lib/thumb/v7e-m+fp/hard/libnosys.a(read.o)
 .ARM.attributes
                0x0000000000000d27       0x34 /Applications/ARM/bin/../lib/gcc/arm-none-eabi/10.3.1/../../../../arm-none-eabi/lib/thumb/v7e-m+fp/hard/libnosys.a(sbrk.o)
 .ARM.attributes
                0x0000000000000d5b       0x34 /Applications/ARM/bin/../lib/gcc/arm-none-eabi/10.3.1/../../../../arm-none-eabi/lib/thumb/v7e-m+fp/hard/libnosys.a(write.o)
 .ARM.attributes
                0x0000000000000d8f       0x1e /Applications/ARM/bin/../lib/gcc/arm-none-eabi/10.3.1/thumb/v7e-m+fp/hard/libgcc.a(_aeabi_uldivmod.o)
 .ARM.attributes
                0x0000000000000dad       0x34 /Applications/ARM/bin/../lib/gcc/arm-none-eabi/10.3.1/thumb/v7e-m+fp/hard/libgcc.a(_udivmoddi4.o)
 .ARM.attributes
                0x0000000000000de1       0x1e /Applications/ARM/bin/../lib/gcc/arm-none-eabi/10.3.1/thumb/v7e-m+fp/hard/libgcc.a(_dvmd_tls.o)
 .ARM.attributes
                0x0000000000000dff       0x1e /Applications/ARM/bin/../lib/gcc/arm-none-eabi/10.3.1/thumb/v7e-m+fp/hard/crtn.o
OUTPUT(build/ProstheticControlsSTM32.elf elf32-littlearm)
LOAD linker stubs
LOAD /Applications/ARM/bin/../lib/gcc/arm-none-eabi/10.3.1/../../../../arm-none-eabi/lib/thumb/v7e-m+fp/hard/libc.a
LOAD /Applications/ARM/bin/../lib/gcc/arm-none-eabi/10.3.1/../../../../arm-none-eabi/lib/thumb/v7e-m+fp/hard/libm.a
LOAD /Applications/ARM/bin/../lib/gcc/arm-none-eabi/10.3.1/thumb/v7e-m+fp/hard/libgcc.a

.debug_info     0x0000000000000000    0x3116c
 .debug_info    0x0000000000000000     0x2aac build/main.o
 .debug_info    0x0000000000002aac     0x1080 build/stm32g4xx_it.o
 .debug_info    0x0000000000003b2c     0x1eaf build/stm32g4xx_hal_msp.o
 .debug_info    0x00000000000059db     0x1036 build/stm32g4xx_hal_timebase_tim.o
 .debug_info    0x0000000000006a11     0x39ef build/stm32g4xx_hal_adc.o
 .debug_info    0x000000000000a400     0x325a build/stm32g4xx_hal_adc_ex.o
 .debug_info    0x000000000000d65a      0xd4d build/stm32g4xx_hal.o
 .debug_info    0x000000000000e3a7     0x104b build/stm32g4xx_hal_rcc.o
 .debug_info    0x000000000000f3f2     0x10a7 build/stm32g4xx_hal_rcc_ex.o
 .debug_info    0x0000000000010499      0x92d build/stm32g4xx_hal_gpio.o
 .debug_info    0x0000000000010dc6      0xaeb build/stm32g4xx_hal_dma.o
 .debug_info    0x00000000000118b1      0xb20 build/stm32g4xx_hal_pwr_ex.o
 .debug_info    0x00000000000123d1     0x11d7 build/stm32g4xx_hal_cortex.o
 .debug_info    0x00000000000135a8     0x43da build/stm32g4xx_hal_tim.o
 .debug_info    0x0000000000017982     0x274c build/stm32g4xx_hal_tim_ex.o
 .debug_info    0x000000000001a0ce     0x6445 build/stm32g4xx_hal_uart.o
 .debug_info    0x0000000000020513     0x1359 build/stm32g4xx_hal_uart_ex.o
 .debug_info    0x000000000002186c      0x649 build/system_stm32g4xx.o
 .debug_info    0x0000000000021eb5      0x30f build/list.o
 .debug_info    0x00000000000221c4     0x2968 build/queue.o
 .debug_info    0x0000000000024b2c     0x3d16 build/tasks.o
 .debug_info    0x0000000000028842     0x2532 build/timers.o
 .debug_info    0x000000000002ad74     0x57f4 build/cmsis_os2.o
 .debug_info    0x0000000000030568      0x61a build/heap_4.o
 .debug_info    0x0000000000030b82      0x5c8 build/port.o
 .debug_info    0x000000000003114a       0x22 build/startup_stm32g474xx.o

.debug_abbrev   0x0000000000000000     0x462c
 .debug_abbrev  0x0000000000000000      0x2fa build/main.o
 .debug_abbrev  0x00000000000002fa      0x21e build/stm32g4xx_it.o
 .debug_abbrev  0x0000000000000518      0x294 build/stm32g4xx_hal_msp.o
 .debug_abbrev  0x00000000000007ac      0x211 build/stm32g4xx_hal_timebase_tim.o
 .debug_abbrev  0x00000000000009bd      0x308 build/stm32g4xx_hal_adc.o
 .debug_abbrev  0x0000000000000cc5      0x36a build/stm32g4xx_hal_adc_ex.o
 .debug_abbrev  0x000000000000102f      0x25d build/stm32g4xx_hal.o
 .debug_abbrev  0x000000000000128c      0x2ac build/stm32g4xx_hal_rcc.o
 .debug_abbrev  0x0000000000001538      0x262 build/stm32g4xx_hal_rcc_ex.o
 .debug_abbrev  0x000000000000179a      0x222 build/stm32g4xx_hal_gpio.o
 .debug_abbrev  0x00000000000019bc      0x251 build/stm32g4xx_hal_dma.o
 .debug_abbrev  0x0000000000001c0d      0x264 build/stm32g4xx_hal_pwr_ex.o
 .debug_abbrev  0x0000000000001e71      0x379 build/stm32g4xx_hal_cortex.o
 .debug_abbrev  0x00000000000021ea      0x291 build/stm32g4xx_hal_tim.o
 .debug_abbrev  0x000000000000247b      0x2a7 build/stm32g4xx_hal_tim_ex.o
 .debug_abbrev  0x0000000000002722      0x343 build/stm32g4xx_hal_uart.o
 .debug_abbrev  0x0000000000002a65      0x308 build/stm32g4xx_hal_uart_ex.o
 .debug_abbrev  0x0000000000002d6d      0x11b build/system_stm32g4xx.o
 .debug_abbrev  0x0000000000002e88      0x124 build/list.o
 .debug_abbrev  0x0000000000002fac      0x3c4 build/queue.o
 .debug_abbrev  0x0000000000003370      0x454 build/tasks.o
 .debug_abbrev  0x00000000000037c4      0x3b8 build/timers.o
 .debug_abbrev  0x0000000000003b7c      0x5ab build/cmsis_os2.o
 .debug_abbrev  0x0000000000004127      0x269 build/heap_4.o
 .debug_abbrev  0x0000000000004390      0x28a build/port.o
 .debug_abbrev  0x000000000000461a       0x12 build/startup_stm32g474xx.o

.debug_loc      0x0000000000000000    0x26c8d
 .debug_loc     0x0000000000000000      0x35a build/main.o
 .debug_loc     0x000000000000035a      0x197 build/stm32g4xx_it.o
 .debug_loc     0x00000000000004f1      0x287 build/stm32g4xx_hal_msp.o
 .debug_loc     0x0000000000000778      0x114 build/stm32g4xx_hal_timebase_tim.o
 .debug_loc     0x000000000000088c     0x2b89 build/stm32g4xx_hal_adc.o
 .debug_loc     0x0000000000003415     0x2941 build/stm32g4xx_hal_adc_ex.o
 .debug_loc     0x0000000000005d56      0x2af build/stm32g4xx_hal.o
 .debug_loc     0x0000000000006005      0x999 build/stm32g4xx_hal_rcc.o
 .debug_loc     0x000000000000699e     0x166f build/stm32g4xx_hal_rcc_ex.o
 .debug_loc     0x000000000000800d      0x46f build/stm32g4xx_hal_gpio.o
 .debug_loc     0x000000000000847c      0x9d0 build/stm32g4xx_hal_dma.o
 .debug_loc     0x0000000000008e4c      0xa43 build/stm32g4xx_hal_pwr_ex.o
 .debug_loc     0x000000000000988f      0x796 build/stm32g4xx_hal_cortex.o
 .debug_loc     0x000000000000a025     0x63b1 build/stm32g4xx_hal_tim.o
 .debug_loc     0x00000000000103d6     0x3088 build/stm32g4xx_hal_tim_ex.o
 .debug_loc     0x000000000001345e     0x6208 build/stm32g4xx_hal_uart.o
 .debug_loc     0x0000000000019666      0xe33 build/stm32g4xx_hal_uart_ex.o
 .debug_loc     0x000000000001a499       0x9d build/system_stm32g4xx.o
 .debug_loc     0x000000000001a536       0xe5 build/list.o
 .debug_loc     0x000000000001a61b     0x1fe4 build/queue.o
 .debug_loc     0x000000000001c5ff     0x2ca8 build/tasks.o
 .debug_loc     0x000000000001f2a7     0x1586 build/timers.o
 .debug_loc     0x000000000002082d     0x5dbc build/cmsis_os2.o
 .debug_loc     0x00000000000265e9      0x4e4 build/heap_4.o
 .debug_loc     0x0000000000026acd      0x1c0 build/port.o

.debug_aranges  0x0000000000000000     0x1a30
 .debug_aranges
                0x0000000000000000       0x90 build/main.o
 .debug_aranges
                0x0000000000000090       0x78 build/stm32g4xx_it.o
 .debug_aranges
                0x0000000000000108       0x58 build/stm32g4xx_hal_msp.o
 .debug_aranges
                0x0000000000000160       0x30 build/stm32g4xx_hal_timebase_tim.o
 .debug_aranges
                0x0000000000000190      0x108 build/stm32g4xx_hal_adc.o
 .debug_aranges
                0x0000000000000298       0xf0 build/stm32g4xx_hal_adc_ex.o
 .debug_aranges
                0x0000000000000388      0x130 build/stm32g4xx_hal.o
 .debug_aranges
                0x00000000000004b8       0x98 build/stm32g4xx_hal_rcc.o
 .debug_aranges
                0x0000000000000550       0xb0 build/stm32g4xx_hal_rcc_ex.o
 .debug_aranges
                0x0000000000000600       0x58 build/stm32g4xx_hal_gpio.o
 .debug_aranges
                0x0000000000000658       0x90 build/stm32g4xx_hal_dma.o
 .debug_aranges
                0x00000000000006e8      0x140 build/stm32g4xx_hal_pwr_ex.o
 .debug_aranges
                0x0000000000000828       0xa8 build/stm32g4xx_hal_cortex.o
 .debug_aranges
                0x00000000000008d0      0x3e0 build/stm32g4xx_hal_tim.o
 .debug_aranges
                0x0000000000000cb0      0x240 build/stm32g4xx_hal_tim_ex.o
 .debug_aranges
                0x0000000000000ef0      0x248 build/stm32g4xx_hal_uart.o
 .debug_aranges
                0x0000000000001138       0xa0 build/stm32g4xx_hal_uart_ex.o
 .debug_aranges
                0x00000000000011d8       0x28 build/system_stm32g4xx.o
 .debug_aranges
                0x0000000000001200       0x40 build/list.o
 .debug_aranges
                0x0000000000001240      0x158 build/queue.o
 .debug_aranges
                0x0000000000001398      0x208 build/tasks.o
 .debug_aranges
                0x00000000000015a0       0xf0 build/timers.o
 .debug_aranges
                0x0000000000001690      0x2a0 build/cmsis_os2.o
 .debug_aranges
                0x0000000000001930       0x58 build/heap_4.o
 .debug_aranges